Archive member included because of file (symbol)

c:/freescale/kds_3.0.0/toolchain/bin/../lib/gcc/arm-none-eabi/4.8.4/../../../../arm-none-eabi/lib/armv7e-m\libg_s.a(lib_a-exit.o)
                              c:/freescale/kds_3.0.0/toolchain/bin/../lib/gcc/arm-none-eabi/4.8.4/../../../../arm-none-eabi/lib/armv7e-m/crt0.o (exit)
c:/freescale/kds_3.0.0/toolchain/bin/../lib/gcc/arm-none-eabi/4.8.4/../../../../arm-none-eabi/lib/armv7e-m\libg_s.a(lib_a-impure.o)
                              c:/freescale/kds_3.0.0/toolchain/bin/../lib/gcc/arm-none-eabi/4.8.4/../../../../arm-none-eabi/lib/armv7e-m\libg_s.a(lib_a-exit.o) (_global_impure_ptr)
c:/freescale/kds_3.0.0/toolchain/bin/../lib/gcc/arm-none-eabi/4.8.4/../../../../arm-none-eabi/lib/armv7e-m\libg_s.a(lib_a-init.o)
                              c:/freescale/kds_3.0.0/toolchain/bin/../lib/gcc/arm-none-eabi/4.8.4/../../../../arm-none-eabi/lib/armv7e-m/crt0.o (__libc_init_array)
c:/freescale/kds_3.0.0/toolchain/bin/../lib/gcc/arm-none-eabi/4.8.4/../../../../arm-none-eabi/lib/armv7e-m\libg_s.a(lib_a-memset.o)
                              c:/freescale/kds_3.0.0/toolchain/bin/../lib/gcc/arm-none-eabi/4.8.4/../../../../arm-none-eabi/lib/armv7e-m/crt0.o (memset)
c:/freescale/kds_3.0.0/toolchain/bin/../lib/gcc/arm-none-eabi/4.8.4/../../../../arm-none-eabi/lib/armv7e-m\libnosys.a(_exit.o)
                              c:/freescale/kds_3.0.0/toolchain/bin/../lib/gcc/arm-none-eabi/4.8.4/../../../../arm-none-eabi/lib/armv7e-m\libg_s.a(lib_a-exit.o) (_exit)

Allocating common symbols
Common symbol       size              file

SR_reg              0x1               ./Generated_Code/Cpu.o

Discarded input sections

 .text          0x00000000        0x0 c:/freescale/kds_3.0.0/toolchain/bin/../lib/gcc/arm-none-eabi/4.8.4/armv7e-m/crti.o
 .data          0x00000000        0x0 c:/freescale/kds_3.0.0/toolchain/bin/../lib/gcc/arm-none-eabi/4.8.4/armv7e-m/crti.o
 .bss           0x00000000        0x0 c:/freescale/kds_3.0.0/toolchain/bin/../lib/gcc/arm-none-eabi/4.8.4/armv7e-m/crti.o
 .data          0x00000000        0x4 c:/freescale/kds_3.0.0/toolchain/bin/../lib/gcc/arm-none-eabi/4.8.4/armv7e-m/crtbegin.o
 .data          0x00000000        0x0 c:/freescale/kds_3.0.0/toolchain/bin/../lib/gcc/arm-none-eabi/4.8.4/../../../../arm-none-eabi/lib/armv7e-m/crt0.o
 .bss           0x00000000        0x0 c:/freescale/kds_3.0.0/toolchain/bin/../lib/gcc/arm-none-eabi/4.8.4/../../../../arm-none-eabi/lib/armv7e-m/crt0.o
 .ARM.extab     0x00000000        0x0 c:/freescale/kds_3.0.0/toolchain/bin/../lib/gcc/arm-none-eabi/4.8.4/../../../../arm-none-eabi/lib/armv7e-m/crt0.o
 .group         0x00000000        0x8 ./Sources/Events.o
 .group         0x00000000        0x8 ./Sources/Events.o
 .group         0x00000000        0x8 ./Sources/Events.o
 .group         0x00000000        0x8 ./Sources/Events.o
 .group         0x00000000        0x8 ./Sources/Events.o
 .group         0x00000000        0x8 ./Sources/Events.o
 .group         0x00000000        0x8 ./Sources/Events.o
 .group         0x00000000        0x8 ./Sources/Events.o
 .group         0x00000000        0x8 ./Sources/Events.o
 .group         0x00000000        0x8 ./Sources/Events.o
 .group         0x00000000        0x8 ./Sources/Events.o
 .group         0x00000000        0x8 ./Sources/Events.o
 .group         0x00000000        0x8 ./Sources/Events.o
 .group         0x00000000        0x8 ./Sources/Events.o
 .group         0x00000000        0x8 ./Sources/Events.o
 .group         0x00000000        0x8 ./Sources/Events.o
 .group         0x00000000        0x8 ./Sources/Events.o
 .group         0x00000000        0x8 ./Sources/Events.o
 .group         0x00000000        0x8 ./Sources/Events.o
 .group         0x00000000        0x8 ./Sources/Events.o
 .group         0x00000000        0x8 ./Sources/Events.o
 .group         0x00000000        0x8 ./Sources/Events.o
 .group         0x00000000        0x8 ./Sources/Events.o
 .group         0x00000000        0x8 ./Sources/Events.o
 .group         0x00000000        0x8 ./Sources/Events.o
 .group         0x00000000        0x8 ./Sources/Events.o
 .group         0x00000000        0x8 ./Sources/Events.o
 .group         0x00000000        0x8 ./Sources/Events.o
 .group         0x00000000        0x8 ./Sources/Events.o
 .group         0x00000000        0x8 ./Sources/Events.o
 .text          0x00000000        0x0 ./Sources/Events.o
 .data          0x00000000        0x0 ./Sources/Events.o
 .bss           0x00000000        0x0 ./Sources/Events.o
 .group         0x00000000        0x8 ./Sources/main.o
 .group         0x00000000        0x8 ./Sources/main.o
 .group         0x00000000        0x8 ./Sources/main.o
 .group         0x00000000        0x8 ./Sources/main.o
 .group         0x00000000        0x8 ./Sources/main.o
 .group         0x00000000        0x8 ./Sources/main.o
 .group         0x00000000        0x8 ./Sources/main.o
 .group         0x00000000        0x8 ./Sources/main.o
 .group         0x00000000        0x8 ./Sources/main.o
 .group         0x00000000        0x8 ./Sources/main.o
 .group         0x00000000        0x8 ./Sources/main.o
 .group         0x00000000        0x8 ./Sources/main.o
 .group         0x00000000        0x8 ./Sources/main.o
 .group         0x00000000        0x8 ./Sources/main.o
 .group         0x00000000        0x8 ./Sources/main.o
 .group         0x00000000        0x8 ./Sources/main.o
 .group         0x00000000        0x8 ./Sources/main.o
 .group         0x00000000        0x8 ./Sources/main.o
 .group         0x00000000        0x8 ./Sources/main.o
 .group         0x00000000        0x8 ./Sources/main.o
 .group         0x00000000        0x8 ./Sources/main.o
 .group         0x00000000        0x8 ./Sources/main.o
 .group         0x00000000        0x8 ./Sources/main.o
 .group         0x00000000        0x8 ./Sources/main.o
 .group         0x00000000        0x8 ./Sources/main.o
 .group         0x00000000        0x8 ./Sources/main.o
 .group         0x00000000        0x8 ./Sources/main.o
 .group         0x00000000        0x8 ./Sources/main.o
 .group         0x00000000        0x8 ./Sources/main.o
 .group         0x00000000        0x8 ./Sources/main.o
 .text          0x00000000        0x0 ./Sources/main.o
 .data          0x00000000        0x0 ./Sources/main.o
 .bss           0x00000000        0x0 ./Sources/main.o
 .debug_macro   0x00000000      0x84a ./Sources/main.o
 .debug_macro   0x00000000       0x16 ./Sources/main.o
 .debug_macro   0x00000000       0x44 ./Sources/main.o
 .debug_macro   0x00000000      0x209 ./Sources/main.o
 .debug_macro   0x00000000     0x180f ./Sources/main.o
 .debug_macro   0x00000000      0x14e ./Sources/main.o
 .debug_macro   0x00000000       0x6a ./Sources/main.o
 .debug_macro   0x00000000    0x116a7 ./Sources/main.o
 .debug_macro   0x00000000       0x94 ./Sources/main.o
 .debug_macro   0x00000000       0x94 ./Sources/main.o
 .debug_macro   0x00000000      0x12c ./Sources/main.o
 .debug_macro   0x00000000      0x4ea ./Sources/main.o
 .debug_macro   0x00000000       0x75 ./Sources/main.o
 .debug_macro   0x00000000       0xd5 ./Sources/main.o
 .debug_macro   0x00000000       0x16 ./Sources/main.o
 .debug_macro   0x00000000       0x46 ./Sources/main.o
 .debug_macro   0x00000000       0x1f ./Sources/main.o
 .debug_macro   0x00000000       0x42 ./Sources/main.o
 .debug_macro   0x00000000       0x16 ./Sources/main.o
 .debug_macro   0x00000000       0x46 ./Sources/main.o
 .debug_macro   0x00000000       0x1f ./Sources/main.o
 .debug_macro   0x00000000       0x42 ./Sources/main.o
 .debug_macro   0x00000000       0x16 ./Sources/main.o
 .debug_macro   0x00000000       0x46 ./Sources/main.o
 .debug_macro   0x00000000       0x1f ./Sources/main.o
 .debug_macro   0x00000000       0x42 ./Sources/main.o
 .debug_macro   0x00000000       0x16 ./Sources/main.o
 .debug_macro   0x00000000       0x46 ./Sources/main.o
 .debug_macro   0x00000000       0x1f ./Sources/main.o
 .debug_macro   0x00000000       0x42 ./Sources/main.o
 .group         0x00000000        0x8 ./Project_Settings/Startup_Code/startup.o
 .group         0x00000000        0x8 ./Project_Settings/Startup_Code/startup.o
 .group         0x00000000        0x8 ./Project_Settings/Startup_Code/startup.o
 .group         0x00000000        0x8 ./Project_Settings/Startup_Code/startup.o
 .group         0x00000000        0x8 ./Project_Settings/Startup_Code/startup.o
 .group         0x00000000        0x8 ./Project_Settings/Startup_Code/startup.o
 .group         0x00000000        0x8 ./Project_Settings/Startup_Code/startup.o
 .group         0x00000000        0x8 ./Project_Settings/Startup_Code/startup.o
 .group         0x00000000        0x8 ./Project_Settings/Startup_Code/startup.o
 .group         0x00000000        0x8 ./Project_Settings/Startup_Code/startup.o
 .group         0x00000000        0x8 ./Project_Settings/Startup_Code/startup.o
 .group         0x00000000        0x8 ./Project_Settings/Startup_Code/startup.o
 .group         0x00000000        0x8 ./Project_Settings/Startup_Code/startup.o
 .group         0x00000000        0x8 ./Project_Settings/Startup_Code/startup.o
 .group         0x00000000        0x8 ./Project_Settings/Startup_Code/startup.o
 .group         0x00000000        0x8 ./Project_Settings/Startup_Code/startup.o
 .group         0x00000000        0x8 ./Project_Settings/Startup_Code/startup.o
 .group         0x00000000        0x8 ./Project_Settings/Startup_Code/startup.o
 .group         0x00000000        0x8 ./Project_Settings/Startup_Code/startup.o
 .text          0x00000000        0x0 ./Project_Settings/Startup_Code/startup.o
 .data          0x00000000        0x0 ./Project_Settings/Startup_Code/startup.o
 .bss           0x00000000        0x0 ./Project_Settings/Startup_Code/startup.o
 .text.__init_hardware
                0x00000000        0xc ./Project_Settings/Startup_Code/startup.o
 .text.__iar_program_start
                0x00000000        0xc ./Project_Settings/Startup_Code/startup.o
 .debug_macro   0x00000000      0x84a ./Project_Settings/Startup_Code/startup.o
 .debug_macro   0x00000000       0x16 ./Project_Settings/Startup_Code/startup.o
 .group         0x00000000        0x8 ./Generated_Code/BitIoLdd1.o
 .group         0x00000000        0x8 ./Generated_Code/BitIoLdd1.o
 .group         0x00000000        0x8 ./Generated_Code/BitIoLdd1.o
 .group         0x00000000        0x8 ./Generated_Code/BitIoLdd1.o
 .group         0x00000000        0x8 ./Generated_Code/BitIoLdd1.o
 .group         0x00000000        0x8 ./Generated_Code/BitIoLdd1.o
 .group         0x00000000        0x8 ./Generated_Code/BitIoLdd1.o
 .group         0x00000000        0x8 ./Generated_Code/BitIoLdd1.o
 .group         0x00000000        0x8 ./Generated_Code/BitIoLdd1.o
 .group         0x00000000        0x8 ./Generated_Code/BitIoLdd1.o
 .group         0x00000000        0x8 ./Generated_Code/BitIoLdd1.o
 .group         0x00000000        0x8 ./Generated_Code/BitIoLdd1.o
 .text          0x00000000        0x0 ./Generated_Code/BitIoLdd1.o
 .data          0x00000000        0x0 ./Generated_Code/BitIoLdd1.o
 .bss           0x00000000        0x0 ./Generated_Code/BitIoLdd1.o
 .text.BitIoLdd1_NegVal
                0x00000000       0x1c ./Generated_Code/BitIoLdd1.o
 .debug_macro   0x00000000      0x84a ./Generated_Code/BitIoLdd1.o
 .debug_macro   0x00000000       0x16 ./Generated_Code/BitIoLdd1.o
 .debug_macro   0x00000000       0x44 ./Generated_Code/BitIoLdd1.o
 .debug_macro   0x00000000      0x209 ./Generated_Code/BitIoLdd1.o
 .debug_macro   0x00000000     0x180f ./Generated_Code/BitIoLdd1.o
 .debug_macro   0x00000000      0x14e ./Generated_Code/BitIoLdd1.o
 .debug_macro   0x00000000       0x6a ./Generated_Code/BitIoLdd1.o
 .debug_macro   0x00000000    0x116a7 ./Generated_Code/BitIoLdd1.o
 .debug_macro   0x00000000       0x94 ./Generated_Code/BitIoLdd1.o
 .debug_macro   0x00000000      0x12c ./Generated_Code/BitIoLdd1.o
 .group         0x00000000        0x8 ./Generated_Code/BitIoLdd2.o
 .group         0x00000000        0x8 ./Generated_Code/BitIoLdd2.o
 .group         0x00000000        0x8 ./Generated_Code/BitIoLdd2.o
 .group         0x00000000        0x8 ./Generated_Code/BitIoLdd2.o
 .group         0x00000000        0x8 ./Generated_Code/BitIoLdd2.o
 .group         0x00000000        0x8 ./Generated_Code/BitIoLdd2.o
 .group         0x00000000        0x8 ./Generated_Code/BitIoLdd2.o
 .group         0x00000000        0x8 ./Generated_Code/BitIoLdd2.o
 .group         0x00000000        0x8 ./Generated_Code/BitIoLdd2.o
 .group         0x00000000        0x8 ./Generated_Code/BitIoLdd2.o
 .group         0x00000000        0x8 ./Generated_Code/BitIoLdd2.o
 .group         0x00000000        0x8 ./Generated_Code/BitIoLdd2.o
 .text          0x00000000        0x0 ./Generated_Code/BitIoLdd2.o
 .data          0x00000000        0x0 ./Generated_Code/BitIoLdd2.o
 .bss           0x00000000        0x0 ./Generated_Code/BitIoLdd2.o
 .text.BitIoLdd2_NegVal
                0x00000000       0x1c ./Generated_Code/BitIoLdd2.o
 .debug_macro   0x00000000      0x84a ./Generated_Code/BitIoLdd2.o
 .debug_macro   0x00000000       0x16 ./Generated_Code/BitIoLdd2.o
 .debug_macro   0x00000000       0x44 ./Generated_Code/BitIoLdd2.o
 .debug_macro   0x00000000      0x209 ./Generated_Code/BitIoLdd2.o
 .debug_macro   0x00000000     0x180f ./Generated_Code/BitIoLdd2.o
 .debug_macro   0x00000000      0x14e ./Generated_Code/BitIoLdd2.o
 .debug_macro   0x00000000       0x6a ./Generated_Code/BitIoLdd2.o
 .debug_macro   0x00000000    0x116a7 ./Generated_Code/BitIoLdd2.o
 .debug_macro   0x00000000       0x94 ./Generated_Code/BitIoLdd2.o
 .debug_macro   0x00000000      0x12c ./Generated_Code/BitIoLdd2.o
 .debug_macro   0x00000000       0x9a ./Generated_Code/BitIoLdd2.o
 .group         0x00000000        0x8 ./Generated_Code/BitIoLdd3.o
 .group         0x00000000        0x8 ./Generated_Code/BitIoLdd3.o
 .group         0x00000000        0x8 ./Generated_Code/BitIoLdd3.o
 .group         0x00000000        0x8 ./Generated_Code/BitIoLdd3.o
 .group         0x00000000        0x8 ./Generated_Code/BitIoLdd3.o
 .group         0x00000000        0x8 ./Generated_Code/BitIoLdd3.o
 .group         0x00000000        0x8 ./Generated_Code/BitIoLdd3.o
 .group         0x00000000        0x8 ./Generated_Code/BitIoLdd3.o
 .group         0x00000000        0x8 ./Generated_Code/BitIoLdd3.o
 .group         0x00000000        0x8 ./Generated_Code/BitIoLdd3.o
 .group         0x00000000        0x8 ./Generated_Code/BitIoLdd3.o
 .group         0x00000000        0x8 ./Generated_Code/BitIoLdd3.o
 .text          0x00000000        0x0 ./Generated_Code/BitIoLdd3.o
 .data          0x00000000        0x0 ./Generated_Code/BitIoLdd3.o
 .bss           0x00000000        0x0 ./Generated_Code/BitIoLdd3.o
 .text.BitIoLdd3_NegVal
                0x00000000       0x1c ./Generated_Code/BitIoLdd3.o
 .debug_macro   0x00000000      0x84a ./Generated_Code/BitIoLdd3.o
 .debug_macro   0x00000000       0x16 ./Generated_Code/BitIoLdd3.o
 .debug_macro   0x00000000       0x44 ./Generated_Code/BitIoLdd3.o
 .debug_macro   0x00000000      0x209 ./Generated_Code/BitIoLdd3.o
 .debug_macro   0x00000000     0x180f ./Generated_Code/BitIoLdd3.o
 .debug_macro   0x00000000      0x14e ./Generated_Code/BitIoLdd3.o
 .debug_macro   0x00000000       0x6a ./Generated_Code/BitIoLdd3.o
 .debug_macro   0x00000000    0x116a7 ./Generated_Code/BitIoLdd3.o
 .debug_macro   0x00000000       0x94 ./Generated_Code/BitIoLdd3.o
 .debug_macro   0x00000000      0x12c ./Generated_Code/BitIoLdd3.o
 .debug_macro   0x00000000       0x9a ./Generated_Code/BitIoLdd3.o
 .group         0x00000000        0x8 ./Generated_Code/BitIoLdd4.o
 .group         0x00000000        0x8 ./Generated_Code/BitIoLdd4.o
 .group         0x00000000        0x8 ./Generated_Code/BitIoLdd4.o
 .group         0x00000000        0x8 ./Generated_Code/BitIoLdd4.o
 .group         0x00000000        0x8 ./Generated_Code/BitIoLdd4.o
 .group         0x00000000        0x8 ./Generated_Code/BitIoLdd4.o
 .group         0x00000000        0x8 ./Generated_Code/BitIoLdd4.o
 .group         0x00000000        0x8 ./Generated_Code/BitIoLdd4.o
 .group         0x00000000        0x8 ./Generated_Code/BitIoLdd4.o
 .group         0x00000000        0x8 ./Generated_Code/BitIoLdd4.o
 .group         0x00000000        0x8 ./Generated_Code/BitIoLdd4.o
 .group         0x00000000        0x8 ./Generated_Code/BitIoLdd4.o
 .text          0x00000000        0x0 ./Generated_Code/BitIoLdd4.o
 .data          0x00000000        0x0 ./Generated_Code/BitIoLdd4.o
 .bss           0x00000000        0x0 ./Generated_Code/BitIoLdd4.o
 .text.BitIoLdd4_NegVal
                0x00000000       0x1c ./Generated_Code/BitIoLdd4.o
 .debug_macro   0x00000000      0x84a ./Generated_Code/BitIoLdd4.o
 .debug_macro   0x00000000       0x16 ./Generated_Code/BitIoLdd4.o
 .debug_macro   0x00000000       0x44 ./Generated_Code/BitIoLdd4.o
 .debug_macro   0x00000000      0x209 ./Generated_Code/BitIoLdd4.o
 .debug_macro   0x00000000     0x180f ./Generated_Code/BitIoLdd4.o
 .debug_macro   0x00000000      0x14e ./Generated_Code/BitIoLdd4.o
 .debug_macro   0x00000000       0x6a ./Generated_Code/BitIoLdd4.o
 .debug_macro   0x00000000    0x116a7 ./Generated_Code/BitIoLdd4.o
 .debug_macro   0x00000000       0x94 ./Generated_Code/BitIoLdd4.o
 .debug_macro   0x00000000      0x12c ./Generated_Code/BitIoLdd4.o
 .debug_macro   0x00000000       0x9a ./Generated_Code/BitIoLdd4.o
 .group         0x00000000        0x8 ./Generated_Code/Cpu.o
 .group         0x00000000        0x8 ./Generated_Code/Cpu.o
 .group         0x00000000        0x8 ./Generated_Code/Cpu.o
 .group         0x00000000        0x8 ./Generated_Code/Cpu.o
 .group         0x00000000        0x8 ./Generated_Code/Cpu.o
 .group         0x00000000        0x8 ./Generated_Code/Cpu.o
 .group         0x00000000        0x8 ./Generated_Code/Cpu.o
 .group         0x00000000        0x8 ./Generated_Code/Cpu.o
 .group         0x00000000        0x8 ./Generated_Code/Cpu.o
 .group         0x00000000        0x8 ./Generated_Code/Cpu.o
 .group         0x00000000        0x8 ./Generated_Code/Cpu.o
 .group         0x00000000        0x8 ./Generated_Code/Cpu.o
 .group         0x00000000        0x8 ./Generated_Code/Cpu.o
 .group         0x00000000        0x8 ./Generated_Code/Cpu.o
 .group         0x00000000        0x8 ./Generated_Code/Cpu.o
 .group         0x00000000        0x8 ./Generated_Code/Cpu.o
 .group         0x00000000        0x8 ./Generated_Code/Cpu.o
 .group         0x00000000        0x8 ./Generated_Code/Cpu.o
 .group         0x00000000        0x8 ./Generated_Code/Cpu.o
 .group         0x00000000        0x8 ./Generated_Code/Cpu.o
 .group         0x00000000        0x8 ./Generated_Code/Cpu.o
 .group         0x00000000        0x8 ./Generated_Code/Cpu.o
 .group         0x00000000        0x8 ./Generated_Code/Cpu.o
 .group         0x00000000        0x8 ./Generated_Code/Cpu.o
 .group         0x00000000        0x8 ./Generated_Code/Cpu.o
 .group         0x00000000        0x8 ./Generated_Code/Cpu.o
 .group         0x00000000        0x8 ./Generated_Code/Cpu.o
 .group         0x00000000        0x8 ./Generated_Code/Cpu.o
 .group         0x00000000        0x8 ./Generated_Code/Cpu.o
 .group         0x00000000        0x8 ./Generated_Code/Cpu.o
 .text          0x00000000        0x0 ./Generated_Code/Cpu.o
 .data          0x00000000        0x0 ./Generated_Code/Cpu.o
 .bss           0x00000000        0x0 ./Generated_Code/Cpu.o
 .bss.SR_lock   0x00000000        0x1 ./Generated_Code/Cpu.o
 .debug_macro   0x00000000      0x84a ./Generated_Code/Cpu.o
 .debug_macro   0x00000000       0x16 ./Generated_Code/Cpu.o
 .debug_macro   0x00000000       0x44 ./Generated_Code/Cpu.o
 .debug_macro   0x00000000      0x209 ./Generated_Code/Cpu.o
 .debug_macro   0x00000000     0x180f ./Generated_Code/Cpu.o
 .debug_macro   0x00000000      0x14e ./Generated_Code/Cpu.o
 .debug_macro   0x00000000       0x6a ./Generated_Code/Cpu.o
 .debug_macro   0x00000000    0x116a7 ./Generated_Code/Cpu.o
 .debug_macro   0x00000000       0x94 ./Generated_Code/Cpu.o
 .debug_macro   0x00000000      0x12c ./Generated_Code/Cpu.o
 .debug_macro   0x00000000      0x4ea ./Generated_Code/Cpu.o
 .debug_macro   0x00000000       0x9a ./Generated_Code/Cpu.o
 .debug_macro   0x00000000       0x75 ./Generated_Code/Cpu.o
 .debug_macro   0x00000000       0xd5 ./Generated_Code/Cpu.o
 .debug_macro   0x00000000       0x16 ./Generated_Code/Cpu.o
 .debug_macro   0x00000000       0x46 ./Generated_Code/Cpu.o
 .debug_macro   0x00000000       0x1f ./Generated_Code/Cpu.o
 .debug_macro   0x00000000       0x42 ./Generated_Code/Cpu.o
 .debug_macro   0x00000000       0x16 ./Generated_Code/Cpu.o
 .debug_macro   0x00000000       0x46 ./Generated_Code/Cpu.o
 .debug_macro   0x00000000       0x1f ./Generated_Code/Cpu.o
 .debug_macro   0x00000000       0x42 ./Generated_Code/Cpu.o
 .debug_macro   0x00000000       0x16 ./Generated_Code/Cpu.o
 .debug_macro   0x00000000       0x46 ./Generated_Code/Cpu.o
 .debug_macro   0x00000000       0x1f ./Generated_Code/Cpu.o
 .debug_macro   0x00000000       0x42 ./Generated_Code/Cpu.o
 .debug_macro   0x00000000       0x16 ./Generated_Code/Cpu.o
 .debug_macro   0x00000000       0x46 ./Generated_Code/Cpu.o
 .debug_macro   0x00000000       0x1f ./Generated_Code/Cpu.o
 .debug_macro   0x00000000       0x42 ./Generated_Code/Cpu.o
 COMMON         0x00000000        0x1 ./Generated_Code/Cpu.o
 .group         0x00000000        0x8 ./Generated_Code/LEDpin1.o
 .group         0x00000000        0x8 ./Generated_Code/LEDpin1.o
 .group         0x00000000        0x8 ./Generated_Code/LEDpin1.o
 .group         0x00000000        0x8 ./Generated_Code/LEDpin1.o
 .group         0x00000000        0x8 ./Generated_Code/LEDpin1.o
 .group         0x00000000        0x8 ./Generated_Code/LEDpin1.o
 .group         0x00000000        0x8 ./Generated_Code/LEDpin1.o
 .group         0x00000000        0x8 ./Generated_Code/LEDpin1.o
 .group         0x00000000        0x8 ./Generated_Code/LEDpin1.o
 .group         0x00000000        0x8 ./Generated_Code/LEDpin1.o
 .group         0x00000000        0x8 ./Generated_Code/LEDpin1.o
 .group         0x00000000        0x8 ./Generated_Code/LEDpin1.o
 .group         0x00000000        0x8 ./Generated_Code/LEDpin1.o
 .text          0x00000000        0x0 ./Generated_Code/LEDpin1.o
 .data          0x00000000        0x0 ./Generated_Code/LEDpin1.o
 .bss           0x00000000        0x0 ./Generated_Code/LEDpin1.o
 .debug_info    0x00000000       0x7d ./Generated_Code/LEDpin1.o
 .debug_abbrev  0x00000000       0x29 ./Generated_Code/LEDpin1.o
 .debug_aranges
                0x00000000       0x18 ./Generated_Code/LEDpin1.o
 .debug_macro   0x00000000       0xb5 ./Generated_Code/LEDpin1.o
 .debug_macro   0x00000000      0x84a ./Generated_Code/LEDpin1.o
 .debug_macro   0x00000000       0x16 ./Generated_Code/LEDpin1.o
 .debug_macro   0x00000000       0x44 ./Generated_Code/LEDpin1.o
 .debug_macro   0x00000000      0x209 ./Generated_Code/LEDpin1.o
 .debug_macro   0x00000000     0x180f ./Generated_Code/LEDpin1.o
 .debug_macro   0x00000000      0x14e ./Generated_Code/LEDpin1.o
 .debug_macro   0x00000000       0x6a ./Generated_Code/LEDpin1.o
 .debug_macro   0x00000000    0x116a7 ./Generated_Code/LEDpin1.o
 .debug_macro   0x00000000       0x94 ./Generated_Code/LEDpin1.o
 .debug_macro   0x00000000      0x12c ./Generated_Code/LEDpin1.o
 .debug_macro   0x00000000       0x9a ./Generated_Code/LEDpin1.o
 .debug_macro   0x00000000       0x40 ./Generated_Code/LEDpin1.o
 .debug_macro   0x00000000       0x1f ./Generated_Code/LEDpin1.o
 .debug_line    0x00000000      0x28a ./Generated_Code/LEDpin1.o
 .debug_str     0x00000000    0x6b596 ./Generated_Code/LEDpin1.o
 .comment       0x00000000       0x71 ./Generated_Code/LEDpin1.o
 .ARM.attributes
                0x00000000       0x33 ./Generated_Code/LEDpin1.o
 .group         0x00000000        0x8 ./Generated_Code/LEDpin2.o
 .group         0x00000000        0x8 ./Generated_Code/LEDpin2.o
 .group         0x00000000        0x8 ./Generated_Code/LEDpin2.o
 .group         0x00000000        0x8 ./Generated_Code/LEDpin2.o
 .group         0x00000000        0x8 ./Generated_Code/LEDpin2.o
 .group         0x00000000        0x8 ./Generated_Code/LEDpin2.o
 .group         0x00000000        0x8 ./Generated_Code/LEDpin2.o
 .group         0x00000000        0x8 ./Generated_Code/LEDpin2.o
 .group         0x00000000        0x8 ./Generated_Code/LEDpin2.o
 .group         0x00000000        0x8 ./Generated_Code/LEDpin2.o
 .group         0x00000000        0x8 ./Generated_Code/LEDpin2.o
 .group         0x00000000        0x8 ./Generated_Code/LEDpin2.o
 .group         0x00000000        0x8 ./Generated_Code/LEDpin2.o
 .text          0x00000000        0x0 ./Generated_Code/LEDpin2.o
 .data          0x00000000        0x0 ./Generated_Code/LEDpin2.o
 .bss           0x00000000        0x0 ./Generated_Code/LEDpin2.o
 .debug_info    0x00000000       0x7d ./Generated_Code/LEDpin2.o
 .debug_abbrev  0x00000000       0x29 ./Generated_Code/LEDpin2.o
 .debug_aranges
                0x00000000       0x18 ./Generated_Code/LEDpin2.o
 .debug_macro   0x00000000       0xb5 ./Generated_Code/LEDpin2.o
 .debug_macro   0x00000000      0x84a ./Generated_Code/LEDpin2.o
 .debug_macro   0x00000000       0x16 ./Generated_Code/LEDpin2.o
 .debug_macro   0x00000000       0x44 ./Generated_Code/LEDpin2.o
 .debug_macro   0x00000000      0x209 ./Generated_Code/LEDpin2.o
 .debug_macro   0x00000000     0x180f ./Generated_Code/LEDpin2.o
 .debug_macro   0x00000000      0x14e ./Generated_Code/LEDpin2.o
 .debug_macro   0x00000000       0x6a ./Generated_Code/LEDpin2.o
 .debug_macro   0x00000000    0x116a7 ./Generated_Code/LEDpin2.o
 .debug_macro   0x00000000       0x94 ./Generated_Code/LEDpin2.o
 .debug_macro   0x00000000      0x12c ./Generated_Code/LEDpin2.o
 .debug_macro   0x00000000       0x9a ./Generated_Code/LEDpin2.o
 .debug_macro   0x00000000       0x40 ./Generated_Code/LEDpin2.o
 .debug_macro   0x00000000       0x1f ./Generated_Code/LEDpin2.o
 .debug_line    0x00000000      0x28a ./Generated_Code/LEDpin2.o
 .debug_str     0x00000000    0x6b596 ./Generated_Code/LEDpin2.o
 .comment       0x00000000       0x71 ./Generated_Code/LEDpin2.o
 .ARM.attributes
                0x00000000       0x33 ./Generated_Code/LEDpin2.o
 .group         0x00000000        0x8 ./Generated_Code/LEDpin3.o
 .group         0x00000000        0x8 ./Generated_Code/LEDpin3.o
 .group         0x00000000        0x8 ./Generated_Code/LEDpin3.o
 .group         0x00000000        0x8 ./Generated_Code/LEDpin3.o
 .group         0x00000000        0x8 ./Generated_Code/LEDpin3.o
 .group         0x00000000        0x8 ./Generated_Code/LEDpin3.o
 .group         0x00000000        0x8 ./Generated_Code/LEDpin3.o
 .group         0x00000000        0x8 ./Generated_Code/LEDpin3.o
 .group         0x00000000        0x8 ./Generated_Code/LEDpin3.o
 .group         0x00000000        0x8 ./Generated_Code/LEDpin3.o
 .group         0x00000000        0x8 ./Generated_Code/LEDpin3.o
 .group         0x00000000        0x8 ./Generated_Code/LEDpin3.o
 .group         0x00000000        0x8 ./Generated_Code/LEDpin3.o
 .text          0x00000000        0x0 ./Generated_Code/LEDpin3.o
 .data          0x00000000        0x0 ./Generated_Code/LEDpin3.o
 .bss           0x00000000        0x0 ./Generated_Code/LEDpin3.o
 .debug_info    0x00000000       0x7d ./Generated_Code/LEDpin3.o
 .debug_abbrev  0x00000000       0x29 ./Generated_Code/LEDpin3.o
 .debug_aranges
                0x00000000       0x18 ./Generated_Code/LEDpin3.o
 .debug_macro   0x00000000       0xb5 ./Generated_Code/LEDpin3.o
 .debug_macro   0x00000000      0x84a ./Generated_Code/LEDpin3.o
 .debug_macro   0x00000000       0x16 ./Generated_Code/LEDpin3.o
 .debug_macro   0x00000000       0x44 ./Generated_Code/LEDpin3.o
 .debug_macro   0x00000000      0x209 ./Generated_Code/LEDpin3.o
 .debug_macro   0x00000000     0x180f ./Generated_Code/LEDpin3.o
 .debug_macro   0x00000000      0x14e ./Generated_Code/LEDpin3.o
 .debug_macro   0x00000000       0x6a ./Generated_Code/LEDpin3.o
 .debug_macro   0x00000000    0x116a7 ./Generated_Code/LEDpin3.o
 .debug_macro   0x00000000       0x94 ./Generated_Code/LEDpin3.o
 .debug_macro   0x00000000      0x12c ./Generated_Code/LEDpin3.o
 .debug_macro   0x00000000       0x9a ./Generated_Code/LEDpin3.o
 .debug_macro   0x00000000       0x40 ./Generated_Code/LEDpin3.o
 .debug_macro   0x00000000       0x1f ./Generated_Code/LEDpin3.o
 .debug_line    0x00000000      0x28a ./Generated_Code/LEDpin3.o
 .debug_str     0x00000000    0x6b596 ./Generated_Code/LEDpin3.o
 .comment       0x00000000       0x71 ./Generated_Code/LEDpin3.o
 .ARM.attributes
                0x00000000       0x33 ./Generated_Code/LEDpin3.o
 .group         0x00000000        0x8 ./Generated_Code/LEDpin4.o
 .group         0x00000000        0x8 ./Generated_Code/LEDpin4.o
 .group         0x00000000        0x8 ./Generated_Code/LEDpin4.o
 .group         0x00000000        0x8 ./Generated_Code/LEDpin4.o
 .group         0x00000000        0x8 ./Generated_Code/LEDpin4.o
 .group         0x00000000        0x8 ./Generated_Code/LEDpin4.o
 .group         0x00000000        0x8 ./Generated_Code/LEDpin4.o
 .group         0x00000000        0x8 ./Generated_Code/LEDpin4.o
 .group         0x00000000        0x8 ./Generated_Code/LEDpin4.o
 .group         0x00000000        0x8 ./Generated_Code/LEDpin4.o
 .group         0x00000000        0x8 ./Generated_Code/LEDpin4.o
 .group         0x00000000        0x8 ./Generated_Code/LEDpin4.o
 .group         0x00000000        0x8 ./Generated_Code/LEDpin4.o
 .text          0x00000000        0x0 ./Generated_Code/LEDpin4.o
 .data          0x00000000        0x0 ./Generated_Code/LEDpin4.o
 .bss           0x00000000        0x0 ./Generated_Code/LEDpin4.o
 .debug_info    0x00000000       0x7d ./Generated_Code/LEDpin4.o
 .debug_abbrev  0x00000000       0x29 ./Generated_Code/LEDpin4.o
 .debug_aranges
                0x00000000       0x18 ./Generated_Code/LEDpin4.o
 .debug_macro   0x00000000       0xb5 ./Generated_Code/LEDpin4.o
 .debug_macro   0x00000000      0x84a ./Generated_Code/LEDpin4.o
 .debug_macro   0x00000000       0x16 ./Generated_Code/LEDpin4.o
 .debug_macro   0x00000000       0x44 ./Generated_Code/LEDpin4.o
 .debug_macro   0x00000000      0x209 ./Generated_Code/LEDpin4.o
 .debug_macro   0x00000000     0x180f ./Generated_Code/LEDpin4.o
 .debug_macro   0x00000000      0x14e ./Generated_Code/LEDpin4.o
 .debug_macro   0x00000000       0x6a ./Generated_Code/LEDpin4.o
 .debug_macro   0x00000000    0x116a7 ./Generated_Code/LEDpin4.o
 .debug_macro   0x00000000       0x94 ./Generated_Code/LEDpin4.o
 .debug_macro   0x00000000      0x12c ./Generated_Code/LEDpin4.o
 .debug_macro   0x00000000       0x9a ./Generated_Code/LEDpin4.o
 .debug_macro   0x00000000       0x40 ./Generated_Code/LEDpin4.o
 .debug_macro   0x00000000       0x1f ./Generated_Code/LEDpin4.o
 .debug_line    0x00000000      0x28a ./Generated_Code/LEDpin4.o
 .debug_str     0x00000000    0x6b596 ./Generated_Code/LEDpin4.o
 .comment       0x00000000       0x71 ./Generated_Code/LEDpin4.o
 .ARM.attributes
                0x00000000       0x33 ./Generated_Code/LEDpin4.o
 .group         0x00000000        0x8 ./Generated_Code/MCUC1.o
 .group         0x00000000        0x8 ./Generated_Code/MCUC1.o
 .group         0x00000000        0x8 ./Generated_Code/MCUC1.o
 .group         0x00000000        0x8 ./Generated_Code/MCUC1.o
 .group         0x00000000        0x8 ./Generated_Code/MCUC1.o
 .group         0x00000000        0x8 ./Generated_Code/MCUC1.o
 .group         0x00000000        0x8 ./Generated_Code/MCUC1.o
 .group         0x00000000        0x8 ./Generated_Code/MCUC1.o
 .group         0x00000000        0x8 ./Generated_Code/MCUC1.o
 .group         0x00000000        0x8 ./Generated_Code/MCUC1.o
 .text          0x00000000        0x0 ./Generated_Code/MCUC1.o
 .data          0x00000000        0x0 ./Generated_Code/MCUC1.o
 .bss           0x00000000        0x0 ./Generated_Code/MCUC1.o
 .text.MCUC1_Deinit
                0x00000000        0xc ./Generated_Code/MCUC1.o
 .debug_macro   0x00000000      0x84a ./Generated_Code/MCUC1.o
 .debug_macro   0x00000000       0xd5 ./Generated_Code/MCUC1.o
 .debug_macro   0x00000000       0x16 ./Generated_Code/MCUC1.o
 .debug_macro   0x00000000       0x44 ./Generated_Code/MCUC1.o
 .debug_macro   0x00000000      0x209 ./Generated_Code/MCUC1.o
 .debug_macro   0x00000000     0x180f ./Generated_Code/MCUC1.o
 .debug_macro   0x00000000      0x14e ./Generated_Code/MCUC1.o
 .debug_macro   0x00000000       0x6a ./Generated_Code/MCUC1.o
 .debug_macro   0x00000000    0x116a7 ./Generated_Code/MCUC1.o
 .debug_macro   0x00000000       0x9a ./Generated_Code/MCUC1.o
 .group         0x00000000        0x8 ./Generated_Code/PE_LDD.o
 .group         0x00000000        0x8 ./Generated_Code/PE_LDD.o
 .group         0x00000000        0x8 ./Generated_Code/PE_LDD.o
 .group         0x00000000        0x8 ./Generated_Code/PE_LDD.o
 .group         0x00000000        0x8 ./Generated_Code/PE_LDD.o
 .group         0x00000000        0x8 ./Generated_Code/PE_LDD.o
 .group         0x00000000        0x8 ./Generated_Code/PE_LDD.o
 .group         0x00000000        0x8 ./Generated_Code/PE_LDD.o
 .group         0x00000000        0x8 ./Generated_Code/PE_LDD.o
 .group         0x00000000        0x8 ./Generated_Code/PE_LDD.o
 .group         0x00000000        0x8 ./Generated_Code/PE_LDD.o
 .group         0x00000000        0x8 ./Generated_Code/PE_LDD.o
 .group         0x00000000        0x8 ./Generated_Code/PE_LDD.o
 .group         0x00000000        0x8 ./Generated_Code/PE_LDD.o
 .group         0x00000000        0x8 ./Generated_Code/PE_LDD.o
 .group         0x00000000        0x8 ./Generated_Code/PE_LDD.o
 .group         0x00000000        0x8 ./Generated_Code/PE_LDD.o
 .group         0x00000000        0x8 ./Generated_Code/PE_LDD.o
 .group         0x00000000        0x8 ./Generated_Code/PE_LDD.o
 .group         0x00000000        0x8 ./Generated_Code/PE_LDD.o
 .group         0x00000000        0x8 ./Generated_Code/PE_LDD.o
 .group         0x00000000        0x8 ./Generated_Code/PE_LDD.o
 .group         0x00000000        0x8 ./Generated_Code/PE_LDD.o
 .group         0x00000000        0x8 ./Generated_Code/PE_LDD.o
 .group         0x00000000        0x8 ./Generated_Code/PE_LDD.o
 .group         0x00000000        0x8 ./Generated_Code/PE_LDD.o
 .group         0x00000000        0x8 ./Generated_Code/PE_LDD.o
 .group         0x00000000        0x8 ./Generated_Code/PE_LDD.o
 .group         0x00000000        0x8 ./Generated_Code/PE_LDD.o
 .group         0x00000000        0x8 ./Generated_Code/PE_LDD.o
 .text          0x00000000        0x0 ./Generated_Code/PE_LDD.o
 .data          0x00000000        0x0 ./Generated_Code/PE_LDD.o
 .bss           0x00000000        0x0 ./Generated_Code/PE_LDD.o
 .rodata.PE_CpuClockConfigurations
                0x00000000       0x28 ./Generated_Code/PE_LDD.o
 .text.PE_FillMemory
                0x00000000       0x24 ./Generated_Code/PE_LDD.o
 .text.PE_PeripheralUsed
                0x00000000       0x38 ./Generated_Code/PE_LDD.o
 .text.LDD_SetClockConfiguration
                0x00000000       0x14 ./Generated_Code/PE_LDD.o
 .debug_macro   0x00000000      0x84a ./Generated_Code/PE_LDD.o
 .debug_macro   0x00000000       0x16 ./Generated_Code/PE_LDD.o
 .debug_macro   0x00000000       0x44 ./Generated_Code/PE_LDD.o
 .debug_macro   0x00000000      0x209 ./Generated_Code/PE_LDD.o
 .debug_macro   0x00000000     0x180f ./Generated_Code/PE_LDD.o
 .debug_macro   0x00000000      0x14e ./Generated_Code/PE_LDD.o
 .debug_macro   0x00000000       0x6a ./Generated_Code/PE_LDD.o
 .debug_macro   0x00000000    0x116a7 ./Generated_Code/PE_LDD.o
 .debug_macro   0x00000000       0x94 ./Generated_Code/PE_LDD.o
 .debug_macro   0x00000000      0x12c ./Generated_Code/PE_LDD.o
 .debug_macro   0x00000000      0x4ea ./Generated_Code/PE_LDD.o
 .debug_macro   0x00000000       0x9a ./Generated_Code/PE_LDD.o
 .debug_macro   0x00000000       0x75 ./Generated_Code/PE_LDD.o
 .debug_macro   0x00000000       0xd5 ./Generated_Code/PE_LDD.o
 .debug_macro   0x00000000       0x16 ./Generated_Code/PE_LDD.o
 .debug_macro   0x00000000       0x46 ./Generated_Code/PE_LDD.o
 .debug_macro   0x00000000       0x1f ./Generated_Code/PE_LDD.o
 .debug_macro   0x00000000       0x42 ./Generated_Code/PE_LDD.o
 .debug_macro   0x00000000       0x16 ./Generated_Code/PE_LDD.o
 .debug_macro   0x00000000       0x46 ./Generated_Code/PE_LDD.o
 .debug_macro   0x00000000       0x1f ./Generated_Code/PE_LDD.o
 .debug_macro   0x00000000       0x42 ./Generated_Code/PE_LDD.o
 .debug_macro   0x00000000       0x16 ./Generated_Code/PE_LDD.o
 .debug_macro   0x00000000       0x46 ./Generated_Code/PE_LDD.o
 .debug_macro   0x00000000       0x1f ./Generated_Code/PE_LDD.o
 .debug_macro   0x00000000       0x42 ./Generated_Code/PE_LDD.o
 .debug_macro   0x00000000       0x16 ./Generated_Code/PE_LDD.o
 .debug_macro   0x00000000       0x46 ./Generated_Code/PE_LDD.o
 .debug_macro   0x00000000       0x1f ./Generated_Code/PE_LDD.o
 .debug_macro   0x00000000       0x42 ./Generated_Code/PE_LDD.o
 .group         0x00000000        0x8 ./Generated_Code/Vectors.o
 .group         0x00000000        0x8 ./Generated_Code/Vectors.o
 .group         0x00000000        0x8 ./Generated_Code/Vectors.o
 .group         0x00000000        0x8 ./Generated_Code/Vectors.o
 .group         0x00000000        0x8 ./Generated_Code/Vectors.o
 .group         0x00000000        0x8 ./Generated_Code/Vectors.o
 .group         0x00000000        0x8 ./Generated_Code/Vectors.o
 .group         0x00000000        0x8 ./Generated_Code/Vectors.o
 .group         0x00000000        0x8 ./Generated_Code/Vectors.o
 .group         0x00000000        0x8 ./Generated_Code/Vectors.o
 .group         0x00000000        0x8 ./Generated_Code/Vectors.o
 .group         0x00000000        0x8 ./Generated_Code/Vectors.o
 .group         0x00000000        0x8 ./Generated_Code/Vectors.o
 .group         0x00000000        0x8 ./Generated_Code/Vectors.o
 .group         0x00000000        0x8 ./Generated_Code/Vectors.o
 .group         0x00000000        0x8 ./Generated_Code/Vectors.o
 .group         0x00000000        0x8 ./Generated_Code/Vectors.o
 .group         0x00000000        0x8 ./Generated_Code/Vectors.o
 .group         0x00000000        0x8 ./Generated_Code/Vectors.o
 .group         0x00000000        0x8 ./Generated_Code/Vectors.o
 .group         0x00000000        0x8 ./Generated_Code/Vectors.o
 .group         0x00000000        0x8 ./Generated_Code/Vectors.o
 .group         0x00000000        0x8 ./Generated_Code/Vectors.o
 .group         0x00000000        0x8 ./Generated_Code/Vectors.o
 .group         0x00000000        0x8 ./Generated_Code/Vectors.o
 .group         0x00000000        0x8 ./Generated_Code/Vectors.o
 .group         0x00000000        0x8 ./Generated_Code/Vectors.o
 .group         0x00000000        0x8 ./Generated_Code/Vectors.o
 .group         0x00000000        0x8 ./Generated_Code/Vectors.o
 .group         0x00000000        0x8 ./Generated_Code/Vectors.o
 .text          0x00000000        0x0 ./Generated_Code/Vectors.o
 .data          0x00000000        0x0 ./Generated_Code/Vectors.o
 .bss           0x00000000        0x0 ./Generated_Code/Vectors.o
 .debug_macro   0x00000000      0x84a ./Generated_Code/Vectors.o
 .debug_macro   0x00000000       0x16 ./Generated_Code/Vectors.o
 .debug_macro   0x00000000       0x44 ./Generated_Code/Vectors.o
 .debug_macro   0x00000000      0x209 ./Generated_Code/Vectors.o
 .debug_macro   0x00000000     0x180f ./Generated_Code/Vectors.o
 .debug_macro   0x00000000      0x14e ./Generated_Code/Vectors.o
 .debug_macro   0x00000000       0x6a ./Generated_Code/Vectors.o
 .debug_macro   0x00000000    0x116a7 ./Generated_Code/Vectors.o
 .debug_macro   0x00000000       0x94 ./Generated_Code/Vectors.o
 .debug_macro   0x00000000       0x94 ./Generated_Code/Vectors.o
 .debug_macro   0x00000000      0x12c ./Generated_Code/Vectors.o
 .debug_macro   0x00000000      0x4ea ./Generated_Code/Vectors.o
 .debug_macro   0x00000000       0x75 ./Generated_Code/Vectors.o
 .debug_macro   0x00000000       0xd5 ./Generated_Code/Vectors.o
 .debug_macro   0x00000000       0x16 ./Generated_Code/Vectors.o
 .debug_macro   0x00000000       0x46 ./Generated_Code/Vectors.o
 .debug_macro   0x00000000       0x1f ./Generated_Code/Vectors.o
 .debug_macro   0x00000000       0x42 ./Generated_Code/Vectors.o
 .debug_macro   0x00000000       0x16 ./Generated_Code/Vectors.o
 .debug_macro   0x00000000       0x46 ./Generated_Code/Vectors.o
 .debug_macro   0x00000000       0x1f ./Generated_Code/Vectors.o
 .debug_macro   0x00000000       0x42 ./Generated_Code/Vectors.o
 .debug_macro   0x00000000       0x16 ./Generated_Code/Vectors.o
 .debug_macro   0x00000000       0x46 ./Generated_Code/Vectors.o
 .debug_macro   0x00000000       0x1f ./Generated_Code/Vectors.o
 .debug_macro   0x00000000       0x42 ./Generated_Code/Vectors.o
 .debug_macro   0x00000000       0x16 ./Generated_Code/Vectors.o
 .debug_macro   0x00000000       0x46 ./Generated_Code/Vectors.o
 .debug_macro   0x00000000       0x1f ./Generated_Code/Vectors.o
 .debug_macro   0x00000000       0x42 ./Generated_Code/Vectors.o
 .group         0x00000000        0x8 ./Generated_Code/button.o
 .group         0x00000000        0x8 ./Generated_Code/button.o
 .group         0x00000000        0x8 ./Generated_Code/button.o
 .group         0x00000000        0x8 ./Generated_Code/button.o
 .group         0x00000000        0x8 ./Generated_Code/button.o
 .group         0x00000000        0x8 ./Generated_Code/button.o
 .group         0x00000000        0x8 ./Generated_Code/button.o
 .group         0x00000000        0x8 ./Generated_Code/button.o
 .group         0x00000000        0x8 ./Generated_Code/button.o
 .group         0x00000000        0x8 ./Generated_Code/button.o
 .group         0x00000000        0x8 ./Generated_Code/button.o
 .group         0x00000000        0x8 ./Generated_Code/button.o
 .group         0x00000000        0x8 ./Generated_Code/button.o
 .group         0x00000000        0x8 ./Generated_Code/button.o
 .group         0x00000000        0x8 ./Generated_Code/button.o
 .group         0x00000000        0x8 ./Generated_Code/button.o
 .group         0x00000000        0x8 ./Generated_Code/button.o
 .group         0x00000000        0x8 ./Generated_Code/button.o
 .group         0x00000000        0x8 ./Generated_Code/button.o
 .group         0x00000000        0x8 ./Generated_Code/button.o
 .group         0x00000000        0x8 ./Generated_Code/button.o
 .group         0x00000000        0x8 ./Generated_Code/button.o
 .group         0x00000000        0x8 ./Generated_Code/button.o
 .group         0x00000000        0x8 ./Generated_Code/button.o
 .group         0x00000000        0x8 ./Generated_Code/button.o
 .group         0x00000000        0x8 ./Generated_Code/button.o
 .group         0x00000000        0x8 ./Generated_Code/button.o
 .group         0x00000000        0x8 ./Generated_Code/button.o
 .group         0x00000000        0x8 ./Generated_Code/button.o
 .group         0x00000000        0x8 ./Generated_Code/button.o
 .text          0x00000000        0x0 ./Generated_Code/button.o
 .data          0x00000000        0x0 ./Generated_Code/button.o
 .bss           0x00000000        0x0 ./Generated_Code/button.o
 .text.button_SetFieldValue
                0x00000000       0x3c ./Generated_Code/button.o
 .text.button_GetFieldValue
                0x00000000       0x30 ./Generated_Code/button.o
 .text.button_ClearFieldBits
                0x00000000       0x30 ./Generated_Code/button.o
 .text.button_SetFieldBits
                0x00000000       0x30 ./Generated_Code/button.o
 .text.button_ToggleFieldBits
                0x00000000       0x30 ./Generated_Code/button.o
 .debug_macro   0x00000000      0x84a ./Generated_Code/button.o
 .debug_macro   0x00000000       0x16 ./Generated_Code/button.o
 .debug_macro   0x00000000       0x44 ./Generated_Code/button.o
 .debug_macro   0x00000000      0x209 ./Generated_Code/button.o
 .debug_macro   0x00000000     0x180f ./Generated_Code/button.o
 .debug_macro   0x00000000      0x14e ./Generated_Code/button.o
 .debug_macro   0x00000000       0x6a ./Generated_Code/button.o
 .debug_macro   0x00000000    0x116a7 ./Generated_Code/button.o
 .debug_macro   0x00000000       0x94 ./Generated_Code/button.o
 .debug_macro   0x00000000      0x12c ./Generated_Code/button.o
 .debug_macro   0x00000000      0x4ea ./Generated_Code/button.o
 .debug_macro   0x00000000       0x9a ./Generated_Code/button.o
 .debug_macro   0x00000000       0x75 ./Generated_Code/button.o
 .debug_macro   0x00000000       0xd5 ./Generated_Code/button.o
 .debug_macro   0x00000000       0x16 ./Generated_Code/button.o
 .debug_macro   0x00000000       0x46 ./Generated_Code/button.o
 .debug_macro   0x00000000       0x1f ./Generated_Code/button.o
 .debug_macro   0x00000000       0x42 ./Generated_Code/button.o
 .debug_macro   0x00000000       0x16 ./Generated_Code/button.o
 .debug_macro   0x00000000       0x46 ./Generated_Code/button.o
 .debug_macro   0x00000000       0x1f ./Generated_Code/button.o
 .debug_macro   0x00000000       0x42 ./Generated_Code/button.o
 .debug_macro   0x00000000       0x16 ./Generated_Code/button.o
 .debug_macro   0x00000000       0x46 ./Generated_Code/button.o
 .debug_macro   0x00000000       0x1f ./Generated_Code/button.o
 .debug_macro   0x00000000       0x42 ./Generated_Code/button.o
 .debug_macro   0x00000000       0x16 ./Generated_Code/button.o
 .debug_macro   0x00000000       0x46 ./Generated_Code/button.o
 .debug_macro   0x00000000       0x1f ./Generated_Code/button.o
 .debug_macro   0x00000000       0x42 ./Generated_Code/button.o
 .group         0x00000000        0x8 ./Generated_Code/d10.o
 .group         0x00000000        0x8 ./Generated_Code/d10.o
 .group         0x00000000        0x8 ./Generated_Code/d10.o
 .group         0x00000000        0x8 ./Generated_Code/d10.o
 .group         0x00000000        0x8 ./Generated_Code/d10.o
 .group         0x00000000        0x8 ./Generated_Code/d10.o
 .group         0x00000000        0x8 ./Generated_Code/d10.o
 .group         0x00000000        0x8 ./Generated_Code/d10.o
 .group         0x00000000        0x8 ./Generated_Code/d10.o
 .group         0x00000000        0x8 ./Generated_Code/d10.o
 .group         0x00000000        0x8 ./Generated_Code/d10.o
 .group         0x00000000        0x8 ./Generated_Code/d10.o
 .group         0x00000000        0x8 ./Generated_Code/d10.o
 .group         0x00000000        0x8 ./Generated_Code/d10.o
 .group         0x00000000        0x8 ./Generated_Code/d10.o
 .group         0x00000000        0x8 ./Generated_Code/d10.o
 .text          0x00000000        0x0 ./Generated_Code/d10.o
 .data          0x00000000        0x0 ./Generated_Code/d10.o
 .bss           0x00000000        0x0 ./Generated_Code/d10.o
 .text.d10_Deinit
                0x00000000        0xc ./Generated_Code/d10.o
 .text.d10_SetRatio16
                0x00000000       0x34 ./Generated_Code/d10.o
 .debug_macro   0x00000000      0x84a ./Generated_Code/d10.o
 .debug_macro   0x00000000       0xd5 ./Generated_Code/d10.o
 .debug_macro   0x00000000       0x16 ./Generated_Code/d10.o
 .debug_macro   0x00000000       0x44 ./Generated_Code/d10.o
 .debug_macro   0x00000000      0x209 ./Generated_Code/d10.o
 .debug_macro   0x00000000     0x180f ./Generated_Code/d10.o
 .debug_macro   0x00000000      0x14e ./Generated_Code/d10.o
 .debug_macro   0x00000000       0x6a ./Generated_Code/d10.o
 .debug_macro   0x00000000    0x116a7 ./Generated_Code/d10.o
 .debug_macro   0x00000000       0x9a ./Generated_Code/d10.o
 .debug_macro   0x00000000       0x16 ./Generated_Code/d10.o
 .debug_macro   0x00000000       0x94 ./Generated_Code/d10.o
 .debug_macro   0x00000000      0x12c ./Generated_Code/d10.o
 .debug_macro   0x00000000       0x40 ./Generated_Code/d10.o
 .debug_macro   0x00000000       0x1f ./Generated_Code/d10.o
 .debug_macro   0x00000000       0x42 ./Generated_Code/d10.o
 .group         0x00000000        0x8 ./Generated_Code/d11.o
 .group         0x00000000        0x8 ./Generated_Code/d11.o
 .group         0x00000000        0x8 ./Generated_Code/d11.o
 .group         0x00000000        0x8 ./Generated_Code/d11.o
 .group         0x00000000        0x8 ./Generated_Code/d11.o
 .group         0x00000000        0x8 ./Generated_Code/d11.o
 .group         0x00000000        0x8 ./Generated_Code/d11.o
 .group         0x00000000        0x8 ./Generated_Code/d11.o
 .group         0x00000000        0x8 ./Generated_Code/d11.o
 .group         0x00000000        0x8 ./Generated_Code/d11.o
 .group         0x00000000        0x8 ./Generated_Code/d11.o
 .group         0x00000000        0x8 ./Generated_Code/d11.o
 .group         0x00000000        0x8 ./Generated_Code/d11.o
 .group         0x00000000        0x8 ./Generated_Code/d11.o
 .group         0x00000000        0x8 ./Generated_Code/d11.o
 .group         0x00000000        0x8 ./Generated_Code/d11.o
 .text          0x00000000        0x0 ./Generated_Code/d11.o
 .data          0x00000000        0x0 ./Generated_Code/d11.o
 .bss           0x00000000        0x0 ./Generated_Code/d11.o
 .text.d11_Deinit
                0x00000000        0xc ./Generated_Code/d11.o
 .text.d11_SetRatio16
                0x00000000       0x34 ./Generated_Code/d11.o
 .debug_macro   0x00000000      0x84a ./Generated_Code/d11.o
 .debug_macro   0x00000000       0xd5 ./Generated_Code/d11.o
 .debug_macro   0x00000000       0x16 ./Generated_Code/d11.o
 .debug_macro   0x00000000       0x44 ./Generated_Code/d11.o
 .debug_macro   0x00000000      0x209 ./Generated_Code/d11.o
 .debug_macro   0x00000000     0x180f ./Generated_Code/d11.o
 .debug_macro   0x00000000      0x14e ./Generated_Code/d11.o
 .debug_macro   0x00000000       0x6a ./Generated_Code/d11.o
 .debug_macro   0x00000000    0x116a7 ./Generated_Code/d11.o
 .debug_macro   0x00000000       0x9a ./Generated_Code/d11.o
 .debug_macro   0x00000000       0x16 ./Generated_Code/d11.o
 .debug_macro   0x00000000       0x94 ./Generated_Code/d11.o
 .debug_macro   0x00000000      0x12c ./Generated_Code/d11.o
 .debug_macro   0x00000000       0x40 ./Generated_Code/d11.o
 .debug_macro   0x00000000       0x1f ./Generated_Code/d11.o
 .debug_macro   0x00000000       0x42 ./Generated_Code/d11.o
 .group         0x00000000        0x8 ./Generated_Code/d12.o
 .group         0x00000000        0x8 ./Generated_Code/d12.o
 .group         0x00000000        0x8 ./Generated_Code/d12.o
 .group         0x00000000        0x8 ./Generated_Code/d12.o
 .group         0x00000000        0x8 ./Generated_Code/d12.o
 .group         0x00000000        0x8 ./Generated_Code/d12.o
 .group         0x00000000        0x8 ./Generated_Code/d12.o
 .group         0x00000000        0x8 ./Generated_Code/d12.o
 .group         0x00000000        0x8 ./Generated_Code/d12.o
 .group         0x00000000        0x8 ./Generated_Code/d12.o
 .group         0x00000000        0x8 ./Generated_Code/d12.o
 .group         0x00000000        0x8 ./Generated_Code/d12.o
 .group         0x00000000        0x8 ./Generated_Code/d12.o
 .group         0x00000000        0x8 ./Generated_Code/d12.o
 .group         0x00000000        0x8 ./Generated_Code/d12.o
 .group         0x00000000        0x8 ./Generated_Code/d12.o
 .text          0x00000000        0x0 ./Generated_Code/d12.o
 .data          0x00000000        0x0 ./Generated_Code/d12.o
 .bss           0x00000000        0x0 ./Generated_Code/d12.o
 .text.d12_Deinit
                0x00000000        0xc ./Generated_Code/d12.o
 .text.d12_SetRatio16
                0x00000000       0x34 ./Generated_Code/d12.o
 .debug_macro   0x00000000      0x84a ./Generated_Code/d12.o
 .debug_macro   0x00000000       0xd5 ./Generated_Code/d12.o
 .debug_macro   0x00000000       0x16 ./Generated_Code/d12.o
 .debug_macro   0x00000000       0x44 ./Generated_Code/d12.o
 .debug_macro   0x00000000      0x209 ./Generated_Code/d12.o
 .debug_macro   0x00000000     0x180f ./Generated_Code/d12.o
 .debug_macro   0x00000000      0x14e ./Generated_Code/d12.o
 .debug_macro   0x00000000       0x6a ./Generated_Code/d12.o
 .debug_macro   0x00000000    0x116a7 ./Generated_Code/d12.o
 .debug_macro   0x00000000       0x9a ./Generated_Code/d12.o
 .debug_macro   0x00000000       0x16 ./Generated_Code/d12.o
 .debug_macro   0x00000000       0x94 ./Generated_Code/d12.o
 .debug_macro   0x00000000      0x12c ./Generated_Code/d12.o
 .debug_macro   0x00000000       0x40 ./Generated_Code/d12.o
 .debug_macro   0x00000000       0x1f ./Generated_Code/d12.o
 .debug_macro   0x00000000       0x42 ./Generated_Code/d12.o
 .group         0x00000000        0x8 ./Generated_Code/d9.o
 .group         0x00000000        0x8 ./Generated_Code/d9.o
 .group         0x00000000        0x8 ./Generated_Code/d9.o
 .group         0x00000000        0x8 ./Generated_Code/d9.o
 .group         0x00000000        0x8 ./Generated_Code/d9.o
 .group         0x00000000        0x8 ./Generated_Code/d9.o
 .group         0x00000000        0x8 ./Generated_Code/d9.o
 .group         0x00000000        0x8 ./Generated_Code/d9.o
 .group         0x00000000        0x8 ./Generated_Code/d9.o
 .group         0x00000000        0x8 ./Generated_Code/d9.o
 .group         0x00000000        0x8 ./Generated_Code/d9.o
 .group         0x00000000        0x8 ./Generated_Code/d9.o
 .group         0x00000000        0x8 ./Generated_Code/d9.o
 .group         0x00000000        0x8 ./Generated_Code/d9.o
 .group         0x00000000        0x8 ./Generated_Code/d9.o
 .group         0x00000000        0x8 ./Generated_Code/d9.o
 .text          0x00000000        0x0 ./Generated_Code/d9.o
 .data          0x00000000        0x0 ./Generated_Code/d9.o
 .bss           0x00000000        0x0 ./Generated_Code/d9.o
 .text.d9_Deinit
                0x00000000        0xc ./Generated_Code/d9.o
 .debug_macro   0x00000000      0x84a ./Generated_Code/d9.o
 .debug_macro   0x00000000       0xd5 ./Generated_Code/d9.o
 .debug_macro   0x00000000       0x16 ./Generated_Code/d9.o
 .debug_macro   0x00000000       0x44 ./Generated_Code/d9.o
 .debug_macro   0x00000000      0x209 ./Generated_Code/d9.o
 .debug_macro   0x00000000     0x180f ./Generated_Code/d9.o
 .debug_macro   0x00000000      0x14e ./Generated_Code/d9.o
 .debug_macro   0x00000000       0x6a ./Generated_Code/d9.o
 .debug_macro   0x00000000    0x116a7 ./Generated_Code/d9.o
 .debug_macro   0x00000000       0x9a ./Generated_Code/d9.o
 .debug_macro   0x00000000       0x16 ./Generated_Code/d9.o
 .debug_macro   0x00000000       0x94 ./Generated_Code/d9.o
 .debug_macro   0x00000000      0x12c ./Generated_Code/d9.o
 .debug_macro   0x00000000       0x40 ./Generated_Code/d9.o
 .debug_macro   0x00000000       0x1f ./Generated_Code/d9.o
 .debug_macro   0x00000000       0x42 ./Generated_Code/d9.o
 .text          0x00000000        0x0 c:/freescale/kds_3.0.0/toolchain/bin/../lib/gcc/arm-none-eabi/4.8.4/../../../../arm-none-eabi/lib/armv7e-m\libg_s.a(lib_a-exit.o)
 .data          0x00000000        0x0 c:/freescale/kds_3.0.0/toolchain/bin/../lib/gcc/arm-none-eabi/4.8.4/../../../../arm-none-eabi/lib/armv7e-m\libg_s.a(lib_a-exit.o)
 .bss           0x00000000        0x0 c:/freescale/kds_3.0.0/toolchain/bin/../lib/gcc/arm-none-eabi/4.8.4/../../../../arm-none-eabi/lib/armv7e-m\libg_s.a(lib_a-exit.o)
 .text          0x00000000        0x0 c:/freescale/kds_3.0.0/toolchain/bin/../lib/gcc/arm-none-eabi/4.8.4/../../../../arm-none-eabi/lib/armv7e-m\libg_s.a(lib_a-impure.o)
 .data          0x00000000        0x0 c:/freescale/kds_3.0.0/toolchain/bin/../lib/gcc/arm-none-eabi/4.8.4/../../../../arm-none-eabi/lib/armv7e-m\libg_s.a(lib_a-impure.o)
 .bss           0x00000000        0x0 c:/freescale/kds_3.0.0/toolchain/bin/../lib/gcc/arm-none-eabi/4.8.4/../../../../arm-none-eabi/lib/armv7e-m\libg_s.a(lib_a-impure.o)
 .data._impure_ptr
                0x00000000        0x4 c:/freescale/kds_3.0.0/toolchain/bin/../lib/gcc/arm-none-eabi/4.8.4/../../../../arm-none-eabi/lib/armv7e-m\libg_s.a(lib_a-impure.o)
 .text          0x00000000        0x0 c:/freescale/kds_3.0.0/toolchain/bin/../lib/gcc/arm-none-eabi/4.8.4/../../../../arm-none-eabi/lib/armv7e-m\libg_s.a(lib_a-init.o)
 .data          0x00000000        0x0 c:/freescale/kds_3.0.0/toolchain/bin/../lib/gcc/arm-none-eabi/4.8.4/../../../../arm-none-eabi/lib/armv7e-m\libg_s.a(lib_a-init.o)
 .bss           0x00000000        0x0 c:/freescale/kds_3.0.0/toolchain/bin/../lib/gcc/arm-none-eabi/4.8.4/../../../../arm-none-eabi/lib/armv7e-m\libg_s.a(lib_a-init.o)
 .text          0x00000000        0x0 c:/freescale/kds_3.0.0/toolchain/bin/../lib/gcc/arm-none-eabi/4.8.4/../../../../arm-none-eabi/lib/armv7e-m\libg_s.a(lib_a-memset.o)
 .data          0x00000000        0x0 c:/freescale/kds_3.0.0/toolchain/bin/../lib/gcc/arm-none-eabi/4.8.4/../../../../arm-none-eabi/lib/armv7e-m\libg_s.a(lib_a-memset.o)
 .bss           0x00000000        0x0 c:/freescale/kds_3.0.0/toolchain/bin/../lib/gcc/arm-none-eabi/4.8.4/../../../../arm-none-eabi/lib/armv7e-m\libg_s.a(lib_a-memset.o)
 .text          0x00000000        0x0 c:/freescale/kds_3.0.0/toolchain/bin/../lib/gcc/arm-none-eabi/4.8.4/../../../../arm-none-eabi/lib/armv7e-m\libnosys.a(_exit.o)
 .data          0x00000000        0x0 c:/freescale/kds_3.0.0/toolchain/bin/../lib/gcc/arm-none-eabi/4.8.4/../../../../arm-none-eabi/lib/armv7e-m\libnosys.a(_exit.o)
 .bss           0x00000000        0x0 c:/freescale/kds_3.0.0/toolchain/bin/../lib/gcc/arm-none-eabi/4.8.4/../../../../arm-none-eabi/lib/armv7e-m\libnosys.a(_exit.o)
 .text          0x00000000        0x0 c:/freescale/kds_3.0.0/toolchain/bin/../lib/gcc/arm-none-eabi/4.8.4/armv7e-m/crtend.o
 .data          0x00000000        0x0 c:/freescale/kds_3.0.0/toolchain/bin/../lib/gcc/arm-none-eabi/4.8.4/armv7e-m/crtend.o
 .bss           0x00000000        0x0 c:/freescale/kds_3.0.0/toolchain/bin/../lib/gcc/arm-none-eabi/4.8.4/armv7e-m/crtend.o
 .eh_frame      0x00000000        0x4 c:/freescale/kds_3.0.0/toolchain/bin/../lib/gcc/arm-none-eabi/4.8.4/armv7e-m/crtend.o
 .jcr           0x00000000        0x4 c:/freescale/kds_3.0.0/toolchain/bin/../lib/gcc/arm-none-eabi/4.8.4/armv7e-m/crtend.o
 .ARM.attributes
                0x00000000       0x2e c:/freescale/kds_3.0.0/toolchain/bin/../lib/gcc/arm-none-eabi/4.8.4/armv7e-m/crtend.o
 .text          0x00000000        0x0 c:/freescale/kds_3.0.0/toolchain/bin/../lib/gcc/arm-none-eabi/4.8.4/armv7e-m/crtn.o
 .data          0x00000000        0x0 c:/freescale/kds_3.0.0/toolchain/bin/../lib/gcc/arm-none-eabi/4.8.4/armv7e-m/crtn.o
 .bss           0x00000000        0x0 c:/freescale/kds_3.0.0/toolchain/bin/../lib/gcc/arm-none-eabi/4.8.4/armv7e-m/crtn.o

Memory Configuration

Name             Origin             Length             Attributes
m_interrupts     0x00000000         0x000001e0         xr
m_text           0x00000410         0x0007fbf0         xr
m_data           0x1fff0000         0x00010000         rw
m_data_20000000  0x20000000         0x00010000         rw
m_cfmprotrom     0x00000400         0x00000010         xr
*default*        0x00000000         0xffffffff

Linker script and memory map

LOAD c:/freescale/kds_3.0.0/toolchain/bin/../lib/gcc/arm-none-eabi/4.8.4/armv7e-m/crti.o
LOAD c:/freescale/kds_3.0.0/toolchain/bin/../lib/gcc/arm-none-eabi/4.8.4/armv7e-m/crtbegin.o
LOAD c:/freescale/kds_3.0.0/toolchain/bin/../lib/gcc/arm-none-eabi/4.8.4/../../../../arm-none-eabi/lib/armv7e-m/crt0.o
LOAD ./Sources/Events.o
LOAD ./Sources/main.o
LOAD ./Project_Settings/Startup_Code/startup.o
LOAD ./Generated_Code/BitIoLdd1.o
LOAD ./Generated_Code/BitIoLdd2.o
LOAD ./Generated_Code/BitIoLdd3.o
LOAD ./Generated_Code/BitIoLdd4.o
LOAD ./Generated_Code/Cpu.o
LOAD ./Generated_Code/LEDpin1.o
LOAD ./Generated_Code/LEDpin2.o
LOAD ./Generated_Code/LEDpin3.o
LOAD ./Generated_Code/LEDpin4.o
LOAD ./Generated_Code/MCUC1.o
LOAD ./Generated_Code/PE_LDD.o
LOAD ./Generated_Code/Vectors.o
LOAD ./Generated_Code/button.o
LOAD ./Generated_Code/d10.o
LOAD ./Generated_Code/d11.o
LOAD ./Generated_Code/d12.o
LOAD ./Generated_Code/d9.o
LOAD c:/freescale/kds_3.0.0/toolchain/bin/../lib/gcc/arm-none-eabi/4.8.4/../../../../arm-none-eabi/lib/armv7e-m\libstdc++_s.a
LOAD c:/freescale/kds_3.0.0/toolchain/bin/../lib/gcc/arm-none-eabi/4.8.4/../../../../arm-none-eabi/lib/armv7e-m\libm.a
START GROUP
LOAD c:/freescale/kds_3.0.0/toolchain/bin/../lib/gcc/arm-none-eabi/4.8.4/armv7e-m\libgcc.a
LOAD c:/freescale/kds_3.0.0/toolchain/bin/../lib/gcc/arm-none-eabi/4.8.4/../../../../arm-none-eabi/lib/armv7e-m\libg_s.a
LOAD c:/freescale/kds_3.0.0/toolchain/bin/../lib/gcc/arm-none-eabi/4.8.4/../../../../arm-none-eabi/lib/armv7e-m\libc_s.a
END GROUP
START GROUP
LOAD c:/freescale/kds_3.0.0/toolchain/bin/../lib/gcc/arm-none-eabi/4.8.4/armv7e-m\libgcc.a
LOAD c:/freescale/kds_3.0.0/toolchain/bin/../lib/gcc/arm-none-eabi/4.8.4/../../../../arm-none-eabi/lib/armv7e-m\libc_s.a
LOAD c:/freescale/kds_3.0.0/toolchain/bin/../lib/gcc/arm-none-eabi/4.8.4/../../../../arm-none-eabi/lib/armv7e-m\libnosys.a
END GROUP
START GROUP
LOAD c:/freescale/kds_3.0.0/toolchain/bin/../lib/gcc/arm-none-eabi/4.8.4/armv7e-m\libgcc.a
LOAD c:/freescale/kds_3.0.0/toolchain/bin/../lib/gcc/arm-none-eabi/4.8.4/../../../../arm-none-eabi/lib/armv7e-m\libc_s.a
LOAD c:/freescale/kds_3.0.0/toolchain/bin/../lib/gcc/arm-none-eabi/4.8.4/../../../../arm-none-eabi/lib/armv7e-m\libnosys.a
END GROUP
LOAD c:/freescale/kds_3.0.0/toolchain/bin/../lib/gcc/arm-none-eabi/4.8.4/armv7e-m/crtend.o
LOAD c:/freescale/kds_3.0.0/toolchain/bin/../lib/gcc/arm-none-eabi/4.8.4/armv7e-m/crtn.o
                0x20000000                _estack = 0x20000000
                0x20000000                __SP_INIT = _estack
                0x20000000                __stack = _estack
                0x00000000                __heap_size = 0x0
                0x00000400                __stack_size = 0x400

.interrupts     0x00000000      0x1e0
                0x00000000                __vector_table = .
                0x00000000                . = ALIGN (0x4)
 *(.vectortable)
 .vectortable   0x00000000      0x1e0 ./Generated_Code/Vectors.o
                0x00000000                __vect_table
                0x000001e0                . = ALIGN (0x4)

.cfmprotect     0x00000400       0x10
                0x00000400                . = ALIGN (0x4)
 *(.cfmconfig)
 .cfmconfig     0x00000400       0x10 ./Generated_Code/Cpu.o
                0x00000400                _cfm
                0x00000410                . = ALIGN (0x4)

.text           0x00000410      0xb84
                0x00000410                . = ALIGN (0x4)
 *(.text)
 .text          0x00000410       0x54 c:/freescale/kds_3.0.0/toolchain/bin/../lib/gcc/arm-none-eabi/4.8.4/armv7e-m/crtbegin.o
 .text          0x00000464       0x74 c:/freescale/kds_3.0.0/toolchain/bin/../lib/gcc/arm-none-eabi/4.8.4/../../../../arm-none-eabi/lib/armv7e-m/crt0.o
                0x00000464                _start
                0x00000464                _mainCRTStartup
 *(.text*)
 .text.get_state
                0x000004d8       0x70 ./Sources/Events.o
                0x000004d8                get_state
 .text.process_request
                0x00000548       0xc0 ./Sources/Events.o
                0x00000548                process_request
 .text.Cpu_OnNMIINT
                0x00000608        0xc ./Sources/Events.o
                0x00000608                Cpu_OnNMIINT
 .text.button_OnPortEvent
                0x00000614       0x1c ./Sources/Events.o
                0x00000614                button_OnPortEvent
 .text.main     0x00000630        0xc ./Sources/main.o
                0x00000630                main
 .text.__copy_rom_section
                0x0000063c       0xe4 ./Project_Settings/Startup_Code/startup.o
                0x0000063c                __copy_rom_section
 .text.__copy_rom_sections_to_ram
                0x00000720       0x9c ./Project_Settings/Startup_Code/startup.o
                0x00000720                __copy_rom_sections_to_ram
 .text.__init_registers
                0x000007bc        0xc ./Project_Settings/Startup_Code/startup.o
                0x000007bc                __init_registers
 .text.__init_user
                0x000007c8        0xc ./Project_Settings/Startup_Code/startup.o
                0x000007c8                __init_user
 .text.__thumb_startup
                0x000007d4       0x34 ./Project_Settings/Startup_Code/startup.o
                0x000007d4                __thumb_startup
 .text.BitIoLdd1_Init
                0x00000808       0x64 ./Generated_Code/BitIoLdd1.o
                0x00000808                BitIoLdd1_Init
 .text.BitIoLdd1_GetVal
                0x0000086c       0x30 ./Generated_Code/BitIoLdd1.o
                0x0000086c                BitIoLdd1_GetVal
 .text.BitIoLdd1_ClrVal
                0x0000089c       0x1c ./Generated_Code/BitIoLdd1.o
                0x0000089c                BitIoLdd1_ClrVal
 .text.BitIoLdd1_SetVal
                0x000008b8       0x1c ./Generated_Code/BitIoLdd1.o
                0x000008b8                BitIoLdd1_SetVal
 .text.BitIoLdd2_Init
                0x000008d4       0x64 ./Generated_Code/BitIoLdd2.o
                0x000008d4                BitIoLdd2_Init
 .text.BitIoLdd2_GetVal
                0x00000938       0x30 ./Generated_Code/BitIoLdd2.o
                0x00000938                BitIoLdd2_GetVal
 .text.BitIoLdd2_ClrVal
                0x00000968       0x1c ./Generated_Code/BitIoLdd2.o
                0x00000968                BitIoLdd2_ClrVal
 .text.BitIoLdd2_SetVal
                0x00000984       0x1c ./Generated_Code/BitIoLdd2.o
                0x00000984                BitIoLdd2_SetVal
 .text.BitIoLdd3_Init
                0x000009a0       0x64 ./Generated_Code/BitIoLdd3.o
                0x000009a0                BitIoLdd3_Init
 .text.BitIoLdd3_GetVal
                0x00000a04       0x30 ./Generated_Code/BitIoLdd3.o
                0x00000a04                BitIoLdd3_GetVal
 .text.BitIoLdd3_ClrVal
                0x00000a34       0x1c ./Generated_Code/BitIoLdd3.o
                0x00000a34                BitIoLdd3_ClrVal
 .text.BitIoLdd3_SetVal
                0x00000a50       0x1c ./Generated_Code/BitIoLdd3.o
                0x00000a50                BitIoLdd3_SetVal
 .text.BitIoLdd4_Init
                0x00000a6c       0x64 ./Generated_Code/BitIoLdd4.o
                0x00000a6c                BitIoLdd4_Init
 .text.BitIoLdd4_GetVal
                0x00000ad0       0x30 ./Generated_Code/BitIoLdd4.o
                0x00000ad0                BitIoLdd4_GetVal
 .text.BitIoLdd4_ClrVal
                0x00000b00       0x1c ./Generated_Code/BitIoLdd4.o
                0x00000b00                BitIoLdd4_ClrVal
 .text.BitIoLdd4_SetVal
                0x00000b1c       0x1c ./Generated_Code/BitIoLdd4.o
                0x00000b1c                BitIoLdd4_SetVal
 .text.Cpu_INT_NMIInterrupt
                0x00000b38       0x1c ./Generated_Code/Cpu.o
                0x00000b38                Cpu_INT_NMIInterrupt
 .text.Cpu_Interrupt
                0x00000b54       0x18 ./Generated_Code/Cpu.o
                0x00000b54                Cpu_Interrupt
 .text.__init_hardware
                0x00000b6c      0x11c ./Generated_Code/Cpu.o
                0x00000b6c                __init_hardware
 .text.Cpu_SetBASEPRI
                0x00000c88       0x18 ./Generated_Code/Cpu.o
                0x00000c88                Cpu_SetBASEPRI
 .text.PE_low_level_init
                0x00000ca0      0x104 ./Generated_Code/Cpu.o
                0x00000ca0                PE_low_level_init
 .text.MCUC1_Init
                0x00000da4        0xc ./Generated_Code/MCUC1.o
                0x00000da4                MCUC1_Init
 .text.button_Init
                0x00000db0       0x98 ./Generated_Code/button.o
                0x00000db0                button_Init
 .text.button_Interrupt
                0x00000e48       0x54 ./Generated_Code/button.o
                0x00000e48                button_Interrupt
 .text.d10_Init
                0x00000e9c       0x14 ./Generated_Code/d10.o
                0x00000e9c                d10_Init
 .text.d11_Init
                0x00000eb0       0x14 ./Generated_Code/d11.o
                0x00000eb0                d11_Init
 .text.d12_Init
                0x00000ec4       0x14 ./Generated_Code/d12.o
                0x00000ec4                d12_Init
 .text.d9_Init  0x00000ed8       0x14 ./Generated_Code/d9.o
                0x00000ed8                d9_Init
 .text.exit     0x00000eec       0x28 c:/freescale/kds_3.0.0/toolchain/bin/../lib/gcc/arm-none-eabi/4.8.4/../../../../arm-none-eabi/lib/armv7e-m\libg_s.a(lib_a-exit.o)
                0x00000eec                exit
 .text.__libc_init_array
                0x00000f14       0x4c c:/freescale/kds_3.0.0/toolchain/bin/../lib/gcc/arm-none-eabi/4.8.4/../../../../arm-none-eabi/lib/armv7e-m\libg_s.a(lib_a-init.o)
                0x00000f14                __libc_init_array
 .text.memset   0x00000f60       0x10 c:/freescale/kds_3.0.0/toolchain/bin/../lib/gcc/arm-none-eabi/4.8.4/../../../../arm-none-eabi/lib/armv7e-m\libg_s.a(lib_a-memset.o)
                0x00000f60                memset
 .text._exit    0x00000f70        0x4 c:/freescale/kds_3.0.0/toolchain/bin/../lib/gcc/arm-none-eabi/4.8.4/../../../../arm-none-eabi/lib/armv7e-m\libnosys.a(_exit.o)
                0x00000f70                _exit
 *(.rodata)
 *(.rodata*)
 .rodata.str1.1
                0x00000f74        0x2 c:/freescale/kds_3.0.0/toolchain/bin/../lib/gcc/arm-none-eabi/4.8.4/../../../../arm-none-eabi/lib/armv7e-m\libg_s.a(lib_a-impure.o)
 *fill*         0x00000f76        0x2 
 .rodata._global_impure_ptr
                0x00000f78        0x4 c:/freescale/kds_3.0.0/toolchain/bin/../lib/gcc/arm-none-eabi/4.8.4/../../../../arm-none-eabi/lib/armv7e-m\libg_s.a(lib_a-impure.o)
                0x00000f78                _global_impure_ptr
 *(.glue_7)
 .glue_7        0x00000000        0x0 linker stubs
 *(.glue_7t)
 .glue_7t       0x00000000        0x0 linker stubs
 *(.eh_frame)
 .eh_frame      0x00000f7c        0x0 c:/freescale/kds_3.0.0/toolchain/bin/../lib/gcc/arm-none-eabi/4.8.4/armv7e-m/crtbegin.o
 *(.init)
 .init          0x00000f7c        0x4 c:/freescale/kds_3.0.0/toolchain/bin/../lib/gcc/arm-none-eabi/4.8.4/armv7e-m/crti.o
                0x00000f7c                _init
 .init          0x00000f80        0x8 c:/freescale/kds_3.0.0/toolchain/bin/../lib/gcc/arm-none-eabi/4.8.4/armv7e-m/crtn.o
 *(.fini)
 .fini          0x00000f88        0x4 c:/freescale/kds_3.0.0/toolchain/bin/../lib/gcc/arm-none-eabi/4.8.4/armv7e-m/crti.o
                0x00000f88                _fini
 .fini          0x00000f8c        0x8 c:/freescale/kds_3.0.0/toolchain/bin/../lib/gcc/arm-none-eabi/4.8.4/armv7e-m/crtn.o
                0x00000f94                . = ALIGN (0x4)
                0x00000f94                _etext = .

.vfp11_veneer   0x00000f94        0x0
 .vfp11_veneer  0x00000000        0x0 linker stubs

.v4_bx          0x00000f94        0x0
 .v4_bx         0x00000000        0x0 linker stubs

.iplt           0x00000f94        0x0
 .iplt          0x00000000        0x0 c:/freescale/kds_3.0.0/toolchain/bin/../lib/gcc/arm-none-eabi/4.8.4/armv7e-m/crtbegin.o

.ARM.extab
 *(.ARM.extab* .gnu.linkonce.armextab.*)

.ARM            0x00000f94        0x8
                0x00000f94                __exidx_start = .
 *(.ARM.exidx*)
 .ARM.exidx     0x00000f94        0x8 c:/freescale/kds_3.0.0/toolchain/bin/../lib/gcc/arm-none-eabi/4.8.4/../../../../arm-none-eabi/lib/armv7e-m/crt0.o
                0x00000f9c                __exidx_end = .

.rel.dyn        0x00000f9c        0x0
 .rel.iplt      0x00000000        0x0 c:/freescale/kds_3.0.0/toolchain/bin/../lib/gcc/arm-none-eabi/4.8.4/armv7e-m/crtbegin.o

.ctors          0x00000f9c        0x0
                0x00000f9c                __CTOR_LIST__ = .
 *crtbegin.o(.ctors)
 *(EXCLUDE_FILE(*crtend.o) .ctors)
 *(SORT(.ctors.*))
 *(.ctors)
                0x00000f9c                __CTOR_END__ = .

.dtors          0x00000f9c        0x0
                0x00000f9c                __DTOR_LIST__ = .
 *crtbegin.o(.dtors)
 *(EXCLUDE_FILE(*crtend.o) .dtors)
 *(SORT(.dtors.*))
 *(.dtors)
                0x00000f9c                __DTOR_END__ = .

.preinit_array  0x00000f9c        0x0
                0x00000f9c                PROVIDE (__preinit_array_start, .)
 *(.preinit_array*)
                0x00000f9c                PROVIDE (__preinit_array_end, .)

.init_array     0x00000f9c        0x4
                0x00000f9c                PROVIDE (__init_array_start, .)
 *(SORT(.init_array.*))
 *(.init_array*)
 .init_array    0x00000f9c        0x4 c:/freescale/kds_3.0.0/toolchain/bin/../lib/gcc/arm-none-eabi/4.8.4/armv7e-m/crtbegin.o
                0x00000fa0                PROVIDE (__init_array_end, .)

.fini_array     0x00000fa0        0x4
                0x00000fa0                PROVIDE (__fini_array_start, .)
 *(SORT(.fini_array.*))
 *(.fini_array*)
 .fini_array    0x00000fa0        0x4 c:/freescale/kds_3.0.0/toolchain/bin/../lib/gcc/arm-none-eabi/4.8.4/armv7e-m/crtbegin.o
                0x00000fa4                PROVIDE (__fini_array_end, .)
                0x00000fa4                ___ROM_AT = .

.data           0x1fff0000       0x60 load address 0x00000fa4
                0x1fff0000                . = ALIGN (0x4)
                0x1fff0000                _sdata = .
 *(.data)
 *(.data*)
 .data.impure_data
                0x1fff0000       0x60 c:/freescale/kds_3.0.0/toolchain/bin/../lib/gcc/arm-none-eabi/4.8.4/../../../../arm-none-eabi/lib/armv7e-m\libg_s.a(lib_a-impure.o)
                0x1fff0060                . = ALIGN (0x4)
                0x1fff0060                _edata = .
                0x00000060                ___data_size = (_edata - _sdata)
                0x00001004                ___m_data_20000000_ROMStart = (___ROM_AT + SIZEOF (.data))

.jcr            0x1fff0060        0x0 load address 0x00001004
 .jcr           0x1fff0060        0x0 c:/freescale/kds_3.0.0/toolchain/bin/../lib/gcc/arm-none-eabi/4.8.4/armv7e-m/crtbegin.o

.igot.plt       0x1fff0060        0x0 load address 0x00001004
 .igot.plt      0x00000000        0x0 c:/freescale/kds_3.0.0/toolchain/bin/../lib/gcc/arm-none-eabi/4.8.4/armv7e-m/crtbegin.o

.m_data_20000000
                0x20000000        0x0 load address 0x00001004
                0x20000000                . = ALIGN (0x4)
                0x20000000                ___m_data_20000000_RAMStart = .
 *(.m_data_20000000)
                0x20000000                ___m_data_20000000_RAMEnd = .
                0x20000000                . = ALIGN (0x4)
                0x00000000                ___m_data_20000000_ROMSize = (___m_data_20000000_RAMEnd - ___m_data_20000000_RAMStart)
                0x20000000                . = ALIGN (0x4)

.bss            0x1fff0060       0x4c load address 0x00001004
                0x1fff0060                __START_BSS = .
                0x1fff0060                PROVIDE (__bss_start__, __START_BSS)
 *(.bss)
 .bss           0x1fff0060       0x1c c:/freescale/kds_3.0.0/toolchain/bin/../lib/gcc/arm-none-eabi/4.8.4/armv7e-m/crtbegin.o
 *(.bss*)
 .bss.DeviceDataPrv__DEFAULT_RTOS_ALLOC
                0x1fff007c        0x4 ./Generated_Code/BitIoLdd1.o
 .bss.DeviceDataPrv__DEFAULT_RTOS_ALLOC
                0x1fff0080        0x4 ./Generated_Code/BitIoLdd2.o
 .bss.DeviceDataPrv__DEFAULT_RTOS_ALLOC
                0x1fff0084        0x4 ./Generated_Code/BitIoLdd3.o
 .bss.DeviceDataPrv__DEFAULT_RTOS_ALLOC
                0x1fff0088        0x4 ./Generated_Code/BitIoLdd4.o
 .bss.PE_LDD_DeviceDataList
                0x1fff008c       0x14 ./Generated_Code/PE_LDD.o
                0x1fff008c                PE_LDD_DeviceDataList
 .bss.DeviceDataPrv__DEFAULT_RTOS_ALLOC
                0x1fff00a0        0x8 ./Generated_Code/button.o
 .bss.INT_PORTE__DEFAULT_RTOS_ISRPARAM
                0x1fff00a8        0x4 ./Generated_Code/button.o
 *(COMMON)
                0x1fff00ac                . = ALIGN (0x4)
                0x1fff00ac                __END_BSS = .
                0x1fff00ac                PROVIDE (__bss_end__, __END_BSS)
                0x00001004                _romp_at = ((___ROM_AT + SIZEOF (.data)) + SIZEOF (.m_data_20000000))

.romp           0x1fff00ac       0x24 load address 0x00001004
                0x00001004                __S_romp = _romp_at
                0x1fff00ac        0x4 LONG 0xfa4 ___ROM_AT
                0x1fff00b0        0x4 LONG 0x1fff0000 _sdata
                0x1fff00b4        0x4 LONG 0x60 ___data_size
                0x1fff00b8        0x4 LONG 0x1004 ___m_data_20000000_ROMStart
                0x1fff00bc        0x4 LONG 0x20000000 ___m_data_20000000_RAMStart
                0x1fff00c0        0x4 LONG 0x0 ___m_data_20000000_ROMSize
                0x1fff00c4        0x4 LONG 0x0
                0x1fff00c8        0x4 LONG 0x0
                0x1fff00cc        0x4 LONG 0x0

._user_heap_stack
                0x1fff00d0      0x400 load address 0x00001028
                0x1fff00d0                . = ALIGN (0x4)
                0x1fff00d0                PROVIDE (end, .)
                0x1fff00d0                PROVIDE (_end, .)
                0x1fff00d0                __heap_addr = .
                0x1fff00d0                __HeapBase = .
                0x1fff00d0                . = (. + __heap_size)
                0x1fff00d0                __HeapLimit = .
                0x1fff04d0                . = (. + __stack_size)
 *fill*         0x1fff00d0      0x400 
                0x1fff04d0                . = ALIGN (0x4)

.ARM.attributes
                0x00000000       0x2a
 *(.ARM.attributes)
 .ARM.attributes
                0x00000000       0x1e c:/freescale/kds_3.0.0/toolchain/bin/../lib/gcc/arm-none-eabi/4.8.4/armv7e-m/crti.o
 .ARM.attributes
                0x0000001e       0x2e c:/freescale/kds_3.0.0/toolchain/bin/../lib/gcc/arm-none-eabi/4.8.4/armv7e-m/crtbegin.o
 .ARM.attributes
                0x0000004c       0x1c c:/freescale/kds_3.0.0/toolchain/bin/../lib/gcc/arm-none-eabi/4.8.4/../../../../arm-none-eabi/lib/armv7e-m/crt0.o
 .ARM.attributes
                0x00000068       0x33 ./Sources/Events.o
 .ARM.attributes
                0x0000009b       0x33 ./Sources/main.o
 .ARM.attributes
                0x000000ce       0x33 ./Project_Settings/Startup_Code/startup.o
 .ARM.attributes
                0x00000101       0x33 ./Generated_Code/BitIoLdd1.o
 .ARM.attributes
                0x00000134       0x33 ./Generated_Code/BitIoLdd2.o
 .ARM.attributes
                0x00000167       0x33 ./Generated_Code/BitIoLdd3.o
 .ARM.attributes
                0x0000019a       0x33 ./Generated_Code/BitIoLdd4.o
 .ARM.attributes
                0x000001cd       0x33 ./Generated_Code/Cpu.o
 .ARM.attributes
                0x00000200       0x33 ./Generated_Code/MCUC1.o
 .ARM.attributes
                0x00000233       0x33 ./Generated_Code/PE_LDD.o
 .ARM.attributes
                0x00000266       0x33 ./Generated_Code/Vectors.o
 .ARM.attributes
                0x00000299       0x33 ./Generated_Code/button.o
 .ARM.attributes
                0x000002cc       0x33 ./Generated_Code/d10.o
 .ARM.attributes
                0x000002ff       0x33 ./Generated_Code/d11.o
 .ARM.attributes
                0x00000332       0x33 ./Generated_Code/d12.o
 .ARM.attributes
                0x00000365       0x33 ./Generated_Code/d9.o
 .ARM.attributes
                0x00000398       0x2e c:/freescale/kds_3.0.0/toolchain/bin/../lib/gcc/arm-none-eabi/4.8.4/../../../../arm-none-eabi/lib/armv7e-m\libg_s.a(lib_a-exit.o)
 .ARM.attributes
                0x000003c6       0x2e c:/freescale/kds_3.0.0/toolchain/bin/../lib/gcc/arm-none-eabi/4.8.4/../../../../arm-none-eabi/lib/armv7e-m\libg_s.a(lib_a-impure.o)
 .ARM.attributes
                0x000003f4       0x2e c:/freescale/kds_3.0.0/toolchain/bin/../lib/gcc/arm-none-eabi/4.8.4/../../../../arm-none-eabi/lib/armv7e-m\libg_s.a(lib_a-init.o)
 .ARM.attributes
                0x00000422       0x2e c:/freescale/kds_3.0.0/toolchain/bin/../lib/gcc/arm-none-eabi/4.8.4/../../../../arm-none-eabi/lib/armv7e-m\libg_s.a(lib_a-memset.o)
 .ARM.attributes
                0x00000450       0x2e c:/freescale/kds_3.0.0/toolchain/bin/../lib/gcc/arm-none-eabi/4.8.4/../../../../arm-none-eabi/lib/armv7e-m\libnosys.a(_exit.o)
 .ARM.attributes
                0x0000047e       0x1e c:/freescale/kds_3.0.0/toolchain/bin/../lib/gcc/arm-none-eabi/4.8.4/armv7e-m/crtn.o
OUTPUT(xvalas10_bare_metal_project.elf elf32-littlearm)

.debug_info     0x00000000     0x29b6
 .debug_info    0x00000000      0x181 ./Sources/Events.o
 .debug_info    0x00000181       0x9a ./Sources/main.o
 .debug_info    0x0000021b      0x20a ./Project_Settings/Startup_Code/startup.o
 .debug_info    0x00000425      0x343 ./Generated_Code/BitIoLdd1.o
 .debug_info    0x00000768      0x343 ./Generated_Code/BitIoLdd2.o
 .debug_info    0x00000aab      0x343 ./Generated_Code/BitIoLdd3.o
 .debug_info    0x00000dee      0x343 ./Generated_Code/BitIoLdd4.o
 .debug_info    0x00001131      0xb1e ./Generated_Code/Cpu.o
 .debug_info    0x00001c4f       0xa7 ./Generated_Code/MCUC1.o
 .debug_info    0x00001cf6      0x251 ./Generated_Code/PE_LDD.o
 .debug_info    0x00001f47      0x10f ./Generated_Code/Vectors.o
 .debug_info    0x00002056      0x58a ./Generated_Code/button.o
 .debug_info    0x000025e0      0x104 ./Generated_Code/d10.o
 .debug_info    0x000026e4      0x104 ./Generated_Code/d11.o
 .debug_info    0x000027e8      0x104 ./Generated_Code/d12.o
 .debug_info    0x000028ec       0xca ./Generated_Code/d9.o

.debug_abbrev   0x00000000      0xf07
 .debug_abbrev  0x00000000       0xfa ./Sources/Events.o
 .debug_abbrev  0x000000fa       0x47 ./Sources/main.o
 .debug_abbrev  0x00000141      0x11e ./Project_Settings/Startup_Code/startup.o
 .debug_abbrev  0x0000025f      0x127 ./Generated_Code/BitIoLdd1.o
 .debug_abbrev  0x00000386      0x127 ./Generated_Code/BitIoLdd2.o
 .debug_abbrev  0x000004ad      0x127 ./Generated_Code/BitIoLdd3.o
 .debug_abbrev  0x000005d4      0x127 ./Generated_Code/BitIoLdd4.o
 .debug_abbrev  0x000006fb      0x185 ./Generated_Code/Cpu.o
 .debug_abbrev  0x00000880       0x45 ./Generated_Code/MCUC1.o
 .debug_abbrev  0x000008c5      0x10d ./Generated_Code/PE_LDD.o
 .debug_abbrev  0x000009d2       0xa4 ./Generated_Code/Vectors.o
 .debug_abbrev  0x00000a76      0x1af ./Generated_Code/button.o
 .debug_abbrev  0x00000c25       0xc6 ./Generated_Code/d10.o
 .debug_abbrev  0x00000ceb       0xc6 ./Generated_Code/d11.o
 .debug_abbrev  0x00000db1       0xc6 ./Generated_Code/d12.o
 .debug_abbrev  0x00000e77       0x90 ./Generated_Code/d9.o

.debug_aranges  0x00000000      0x360
 .debug_aranges
                0x00000000       0x38 ./Sources/Events.o
 .debug_aranges
                0x00000038       0x20 ./Sources/main.o
 .debug_aranges
                0x00000058       0x50 ./Project_Settings/Startup_Code/startup.o
 .debug_aranges
                0x000000a8       0x40 ./Generated_Code/BitIoLdd1.o
 .debug_aranges
                0x000000e8       0x40 ./Generated_Code/BitIoLdd2.o
 .debug_aranges
                0x00000128       0x40 ./Generated_Code/BitIoLdd3.o
 .debug_aranges
                0x00000168       0x40 ./Generated_Code/BitIoLdd4.o
 .debug_aranges
                0x000001a8       0x40 ./Generated_Code/Cpu.o
 .debug_aranges
                0x000001e8       0x28 ./Generated_Code/MCUC1.o
 .debug_aranges
                0x00000210       0x30 ./Generated_Code/PE_LDD.o
 .debug_aranges
                0x00000240       0x18 ./Generated_Code/Vectors.o
 .debug_aranges
                0x00000258       0x50 ./Generated_Code/button.o
 .debug_aranges
                0x000002a8       0x30 ./Generated_Code/d10.o
 .debug_aranges
                0x000002d8       0x30 ./Generated_Code/d11.o
 .debug_aranges
                0x00000308       0x30 ./Generated_Code/d12.o
 .debug_aranges
                0x00000338       0x28 ./Generated_Code/d9.o

.debug_ranges   0x00000000      0x258
 .debug_ranges  0x00000000       0x28 ./Sources/Events.o
 .debug_ranges  0x00000028       0x10 ./Sources/main.o
 .debug_ranges  0x00000038       0x40 ./Project_Settings/Startup_Code/startup.o
 .debug_ranges  0x00000078       0x30 ./Generated_Code/BitIoLdd1.o
 .debug_ranges  0x000000a8       0x30 ./Generated_Code/BitIoLdd2.o
 .debug_ranges  0x000000d8       0x30 ./Generated_Code/BitIoLdd3.o
 .debug_ranges  0x00000108       0x30 ./Generated_Code/BitIoLdd4.o
 .debug_ranges  0x00000138       0x30 ./Generated_Code/Cpu.o
 .debug_ranges  0x00000168       0x18 ./Generated_Code/MCUC1.o
 .debug_ranges  0x00000180       0x20 ./Generated_Code/PE_LDD.o
 .debug_ranges  0x000001a0       0x40 ./Generated_Code/button.o
 .debug_ranges  0x000001e0       0x20 ./Generated_Code/d10.o
 .debug_ranges  0x00000200       0x20 ./Generated_Code/d11.o
 .debug_ranges  0x00000220       0x20 ./Generated_Code/d12.o
 .debug_ranges  0x00000240       0x18 ./Generated_Code/d9.o

.debug_macro    0x00000000    0x27b80
 .debug_macro   0x00000000      0x1ca ./Sources/Events.o
 .debug_macro   0x000001ca      0x84a ./Sources/Events.o
 .debug_macro   0x00000a14       0x16 ./Sources/Events.o
 .debug_macro   0x00000a2a       0x44 ./Sources/Events.o
 .debug_macro   0x00000a6e      0x209 ./Sources/Events.o
 .debug_macro   0x00000c77     0x180f ./Sources/Events.o
 .debug_macro   0x00002486      0x14e ./Sources/Events.o
 .debug_macro   0x000025d4       0x6a ./Sources/Events.o
 .debug_macro   0x0000263e    0x116a7 ./Sources/Events.o
 .debug_macro   0x00013ce5       0x94 ./Sources/Events.o
 .debug_macro   0x00013d79       0x94 ./Sources/Events.o
 .debug_macro   0x00013e0d      0x12c ./Sources/Events.o
 .debug_macro   0x00013f39      0x4ea ./Sources/Events.o
 .debug_macro   0x00014423       0x75 ./Sources/Events.o
 .debug_macro   0x00014498       0xd5 ./Sources/Events.o
 .debug_macro   0x0001456d       0x16 ./Sources/Events.o
 .debug_macro   0x00014583       0x46 ./Sources/Events.o
 .debug_macro   0x000145c9       0x1f ./Sources/Events.o
 .debug_macro   0x000145e8       0x42 ./Sources/Events.o
 .debug_macro   0x0001462a       0x16 ./Sources/Events.o
 .debug_macro   0x00014640       0x46 ./Sources/Events.o
 .debug_macro   0x00014686       0x1f ./Sources/Events.o
 .debug_macro   0x000146a5       0x42 ./Sources/Events.o
 .debug_macro   0x000146e7       0x16 ./Sources/Events.o
 .debug_macro   0x000146fd       0x46 ./Sources/Events.o
 .debug_macro   0x00014743       0x1f ./Sources/Events.o
 .debug_macro   0x00014762       0x42 ./Sources/Events.o
 .debug_macro   0x000147a4       0x16 ./Sources/Events.o
 .debug_macro   0x000147ba       0x46 ./Sources/Events.o
 .debug_macro   0x00014800       0x1f ./Sources/Events.o
 .debug_macro   0x0001481f       0x42 ./Sources/Events.o
 .debug_macro   0x00014861      0x1ca ./Sources/main.o
 .debug_macro   0x00014a2b      0x121 ./Project_Settings/Startup_Code/startup.o
 .debug_macro   0x00014b4c       0x58 ./Project_Settings/Startup_Code/startup.o
 .debug_macro   0x00014ba4       0x35 ./Project_Settings/Startup_Code/startup.o
 .debug_macro   0x00014bd9       0xa3 ./Project_Settings/Startup_Code/startup.o
 .debug_macro   0x00014c7c      0x166 ./Project_Settings/Startup_Code/startup.o
 .debug_macro   0x00014de2       0x4a ./Project_Settings/Startup_Code/startup.o
 .debug_macro   0x00014e2c       0x52 ./Project_Settings/Startup_Code/startup.o
 .debug_macro   0x00014e7e       0x16 ./Project_Settings/Startup_Code/startup.o
 .debug_macro   0x00014e94       0x43 ./Project_Settings/Startup_Code/startup.o
 .debug_macro   0x00014ed7      0x180 ./Project_Settings/Startup_Code/startup.o
 .debug_macro   0x00015057      0x2a6 ./Project_Settings/Startup_Code/startup.o
 .debug_macro   0x000152fd       0x10 ./Project_Settings/Startup_Code/startup.o
 .debug_macro   0x0001530d       0x35 ./Project_Settings/Startup_Code/startup.o
 .debug_macro   0x00015342       0x16 ./Project_Settings/Startup_Code/startup.o
 .debug_macro   0x00015358       0x22 ./Project_Settings/Startup_Code/startup.o
 .debug_macro   0x0001537a       0x10 ./Project_Settings/Startup_Code/startup.o
 .debug_macro   0x0001538a      0x20f ./Project_Settings/Startup_Code/startup.o
 .debug_macro   0x00015599    0x1169b ./Project_Settings/Startup_Code/startup.o
 .debug_macro   0x00026c34       0xa6 ./Generated_Code/BitIoLdd1.o
 .debug_macro   0x00026cda       0x9a ./Generated_Code/BitIoLdd1.o
 .debug_macro   0x00026d74       0x40 ./Generated_Code/BitIoLdd1.o
 .debug_macro   0x00026db4       0xa6 ./Generated_Code/BitIoLdd2.o
 .debug_macro   0x00026e5a       0x40 ./Generated_Code/BitIoLdd2.o
 .debug_macro   0x00026e9a       0xa6 ./Generated_Code/BitIoLdd3.o
 .debug_macro   0x00026f40       0x40 ./Generated_Code/BitIoLdd3.o
 .debug_macro   0x00026f80       0xa6 ./Generated_Code/BitIoLdd4.o
 .debug_macro   0x00027026       0x40 ./Generated_Code/BitIoLdd4.o
 .debug_macro   0x00027066      0x1da ./Generated_Code/Cpu.o
 .debug_macro   0x00027240       0x92 ./Generated_Code/MCUC1.o
 .debug_macro   0x000272d2      0x18c ./Generated_Code/PE_LDD.o
 .debug_macro   0x0002745e      0x1da ./Generated_Code/Vectors.o
 .debug_macro   0x00027638      0x1c8 ./Generated_Code/button.o
 .debug_macro   0x00027800       0xe0 ./Generated_Code/d10.o
 .debug_macro   0x000278e0       0xe0 ./Generated_Code/d11.o
 .debug_macro   0x000279c0       0xe0 ./Generated_Code/d12.o
 .debug_macro   0x00027aa0       0xe0 ./Generated_Code/d9.o

.debug_line     0x00000000     0x3852
 .debug_line    0x00000000      0x422 ./Sources/Events.o
 .debug_line    0x00000422      0x3d3 ./Sources/main.o
 .debug_line    0x000007f5      0x3f5 ./Project_Settings/Startup_Code/startup.o
 .debug_line    0x00000bea      0x2e0 ./Generated_Code/BitIoLdd1.o
 .debug_line    0x00000eca      0x2e0 ./Generated_Code/BitIoLdd2.o
 .debug_line    0x000011aa      0x2e0 ./Generated_Code/BitIoLdd3.o
 .debug_line    0x0000148a      0x2e0 ./Generated_Code/BitIoLdd4.o
 .debug_line    0x0000176a      0x578 ./Generated_Code/Cpu.o
 .debug_line    0x00001ce2      0x242 ./Generated_Code/MCUC1.o
 .debug_line    0x00001f24      0x3bf ./Generated_Code/PE_LDD.o
 .debug_line    0x000022e3      0x4eb ./Generated_Code/Vectors.o
 .debug_line    0x000027ce      0x4d7 ./Generated_Code/button.o
 .debug_line    0x00002ca5      0x2f1 ./Generated_Code/d10.o
 .debug_line    0x00002f96      0x2f1 ./Generated_Code/d11.o
 .debug_line    0x00003287      0x2f1 ./Generated_Code/d12.o
 .debug_line    0x00003578      0x2da ./Generated_Code/d9.o

.debug_str      0x00000000    0x733bc
 .debug_str     0x00000000    0x702e1 ./Sources/Events.o
                              0x70431 (size before relaxing)
 .debug_str     0x000702e1       0x17 ./Sources/main.o
                              0x70377 (size before relaxing)
 .debug_str     0x000702f8     0x25f6 ./Project_Settings/Startup_Code/startup.o
                              0x652c0 (size before relaxing)
 .debug_str     0x000728ee      0x17d ./Generated_Code/BitIoLdd1.o
                              0x6b661 (size before relaxing)
 .debug_str     0x00072a6b       0xa0 ./Generated_Code/BitIoLdd2.o
                              0x6b661 (size before relaxing)
 .debug_str     0x00072b0b       0xa0 ./Generated_Code/BitIoLdd3.o
                              0x6b661 (size before relaxing)
 .debug_str     0x00072bab       0xa0 ./Generated_Code/BitIoLdd4.o
                              0x6b661 (size before relaxing)
 .debug_str     0x00072c4b      0x38a ./Generated_Code/Cpu.o
                              0x7077a (size before relaxing)
 .debug_str     0x00072fd5       0x32 ./Generated_Code/MCUC1.o
                              0x6ae01 (size before relaxing)
 .debug_str     0x00073007      0x17e ./Generated_Code/PE_LDD.o
                              0x70536 (size before relaxing)
 .debug_str     0x00073185       0x1c ./Generated_Code/Vectors.o
                              0x703c9 (size before relaxing)
 .debug_str     0x000731a1      0x13b ./Generated_Code/button.o
                              0x70643 (size before relaxing)
 .debug_str     0x000732dc       0x41 ./Generated_Code/d10.o
                              0x6bfa2 (size before relaxing)
 .debug_str     0x0007331d       0x3b ./Generated_Code/d11.o
                              0x6bfa2 (size before relaxing)
 .debug_str     0x00073358       0x3b ./Generated_Code/d12.o
                              0x6bfa2 (size before relaxing)
 .debug_str     0x00073393       0x29 ./Generated_Code/d9.o
                              0x6bf66 (size before relaxing)

.comment        0x00000000       0x70
 .comment       0x00000000       0x70 ./Sources/Events.o
                                 0x71 (size before relaxing)
 .comment       0x00000000       0x71 ./Sources/main.o
 .comment       0x00000000       0x71 ./Project_Settings/Startup_Code/startup.o
 .comment       0x00000000       0x71 ./Generated_Code/BitIoLdd1.o
 .comment       0x00000000       0x71 ./Generated_Code/BitIoLdd2.o
 .comment       0x00000000       0x71 ./Generated_Code/BitIoLdd3.o
 .comment       0x00000000       0x71 ./Generated_Code/BitIoLdd4.o
 .comment       0x00000000       0x71 ./Generated_Code/Cpu.o
 .comment       0x00000000       0x71 ./Generated_Code/MCUC1.o
 .comment       0x00000000       0x71 ./Generated_Code/PE_LDD.o
 .comment       0x00000000       0x71 ./Generated_Code/Vectors.o
 .comment       0x00000000       0x71 ./Generated_Code/button.o
 .comment       0x00000000       0x71 ./Generated_Code/d10.o
 .comment       0x00000000       0x71 ./Generated_Code/d11.o
 .comment       0x00000000       0x71 ./Generated_Code/d12.o
 .comment       0x00000000       0x71 ./Generated_Code/d9.o

.debug_frame    0x00000000      0x80c
 .debug_frame   0x00000000       0x88 ./Sources/Events.o
 .debug_frame   0x00000088       0x2c ./Sources/main.o
 .debug_frame   0x000000b4       0xc0 ./Project_Settings/Startup_Code/startup.o
 .debug_frame   0x00000174       0x9c ./Generated_Code/BitIoLdd1.o
 .debug_frame   0x00000210       0x9c ./Generated_Code/BitIoLdd2.o
 .debug_frame   0x000002ac       0x9c ./Generated_Code/BitIoLdd3.o
 .debug_frame   0x00000348       0x9c ./Generated_Code/BitIoLdd4.o
 .debug_frame   0x000003e4       0xa4 ./Generated_Code/Cpu.o
 .debug_frame   0x00000488       0x40 ./Generated_Code/MCUC1.o
 .debug_frame   0x000004c8       0x64 ./Generated_Code/PE_LDD.o
 .debug_frame   0x0000052c       0xdc ./Generated_Code/button.o
 .debug_frame   0x00000608       0x64 ./Generated_Code/d10.o
 .debug_frame   0x0000066c       0x64 ./Generated_Code/d11.o
 .debug_frame   0x000006d0       0x64 ./Generated_Code/d12.o
 .debug_frame   0x00000734       0x44 ./Generated_Code/d9.o
 .debug_frame   0x00000778       0x28 c:/freescale/kds_3.0.0/toolchain/bin/../lib/gcc/arm-none-eabi/4.8.4/../../../../arm-none-eabi/lib/armv7e-m\libg_s.a(lib_a-exit.o)
 .debug_frame   0x000007a0       0x2c c:/freescale/kds_3.0.0/toolchain/bin/../lib/gcc/arm-none-eabi/4.8.4/../../../../arm-none-eabi/lib/armv7e-m\libg_s.a(lib_a-init.o)
 .debug_frame   0x000007cc       0x20 c:/freescale/kds_3.0.0/toolchain/bin/../lib/gcc/arm-none-eabi/4.8.4/../../../../arm-none-eabi/lib/armv7e-m\libg_s.a(lib_a-memset.o)
 .debug_frame   0x000007ec       0x20 c:/freescale/kds_3.0.0/toolchain/bin/../lib/gcc/arm-none-eabi/4.8.4/../../../../arm-none-eabi/lib/armv7e-m\libnosys.a(_exit.o)
