Archive member included because of file (symbol)

c:/freescale/kds_3.0.0/toolchain/bin/../lib/gcc/arm-none-eabi/4.8.4/armv7e-m\libgcc.a(_arm_addsubsf3.o)
                              ./Generated_Code/UTIL1.o (__aeabi_fsub)
c:/freescale/kds_3.0.0/toolchain/bin/../lib/gcc/arm-none-eabi/4.8.4/armv7e-m\libgcc.a(_arm_muldivsf3.o)
                              ./Generated_Code/UTIL1.o (__aeabi_fmul)
c:/freescale/kds_3.0.0/toolchain/bin/../lib/gcc/arm-none-eabi/4.8.4/armv7e-m\libgcc.a(_arm_cmpsf2.o)
                              ./Generated_Code/UTIL1.o (__aeabi_fcmplt)
c:/freescale/kds_3.0.0/toolchain/bin/../lib/gcc/arm-none-eabi/4.8.4/armv7e-m\libgcc.a(_arm_fixsfsi.o)
                              ./Generated_Code/UTIL1.o (__aeabi_f2iz)
c:/freescale/kds_3.0.0/toolchain/bin/../lib/gcc/arm-none-eabi/4.8.4/armv7e-m\libgcc.a(_arm_fixunssfsi.o)
                              ./Generated_Code/UTIL1.o (__aeabi_f2uiz)
c:/freescale/kds_3.0.0/toolchain/bin/../lib/gcc/arm-none-eabi/4.8.4/armv7e-m\libgcc.a(_aeabi_ldivmod.o)
                              ./Generated_Code/UTIL1.o (__aeabi_ldivmod)
c:/freescale/kds_3.0.0/toolchain/bin/../lib/gcc/arm-none-eabi/4.8.4/armv7e-m\libgcc.a(bpabi.o)
                              c:/freescale/kds_3.0.0/toolchain/bin/../lib/gcc/arm-none-eabi/4.8.4/armv7e-m\libgcc.a(_aeabi_ldivmod.o) (__gnu_ldivmod_helper)
c:/freescale/kds_3.0.0/toolchain/bin/../lib/gcc/arm-none-eabi/4.8.4/armv7e-m\libgcc.a(_dvmd_tls.o)
                              c:/freescale/kds_3.0.0/toolchain/bin/../lib/gcc/arm-none-eabi/4.8.4/armv7e-m\libgcc.a(_aeabi_ldivmod.o) (__aeabi_ldiv0)
c:/freescale/kds_3.0.0/toolchain/bin/../lib/gcc/arm-none-eabi/4.8.4/armv7e-m\libgcc.a(_divdi3.o)
                              c:/freescale/kds_3.0.0/toolchain/bin/../lib/gcc/arm-none-eabi/4.8.4/armv7e-m\libgcc.a(bpabi.o) (__divdi3)
c:/freescale/kds_3.0.0/toolchain/bin/../lib/gcc/arm-none-eabi/4.8.4/armv7e-m\libgcc.a(_udivdi3.o)
                              c:/freescale/kds_3.0.0/toolchain/bin/../lib/gcc/arm-none-eabi/4.8.4/armv7e-m\libgcc.a(bpabi.o) (__udivdi3)
c:/freescale/kds_3.0.0/toolchain/bin/../lib/gcc/arm-none-eabi/4.8.4/../../../../arm-none-eabi/lib/armv7e-m\libg_s.a(lib_a-exit.o)
                              c:/freescale/kds_3.0.0/toolchain/bin/../lib/gcc/arm-none-eabi/4.8.4/../../../../arm-none-eabi/lib/armv7e-m/crt0.o (exit)
c:/freescale/kds_3.0.0/toolchain/bin/../lib/gcc/arm-none-eabi/4.8.4/../../../../arm-none-eabi/lib/armv7e-m\libg_s.a(lib_a-impure.o)
                              c:/freescale/kds_3.0.0/toolchain/bin/../lib/gcc/arm-none-eabi/4.8.4/../../../../arm-none-eabi/lib/armv7e-m\libg_s.a(lib_a-exit.o) (_global_impure_ptr)
c:/freescale/kds_3.0.0/toolchain/bin/../lib/gcc/arm-none-eabi/4.8.4/../../../../arm-none-eabi/lib/armv7e-m\libg_s.a(lib_a-init.o)
                              c:/freescale/kds_3.0.0/toolchain/bin/../lib/gcc/arm-none-eabi/4.8.4/../../../../arm-none-eabi/lib/armv7e-m/crt0.o (__libc_init_array)
c:/freescale/kds_3.0.0/toolchain/bin/../lib/gcc/arm-none-eabi/4.8.4/../../../../arm-none-eabi/lib/armv7e-m\libg_s.a(lib_a-memcpy-stub.o)
                              ./Generated_Code/queue.o (memcpy)
c:/freescale/kds_3.0.0/toolchain/bin/../lib/gcc/arm-none-eabi/4.8.4/../../../../arm-none-eabi/lib/armv7e-m\libg_s.a(lib_a-memset.o)
                              c:/freescale/kds_3.0.0/toolchain/bin/../lib/gcc/arm-none-eabi/4.8.4/../../../../arm-none-eabi/lib/armv7e-m/crt0.o (memset)
c:/freescale/kds_3.0.0/toolchain/bin/../lib/gcc/arm-none-eabi/4.8.4/../../../../arm-none-eabi/lib/armv7e-m\libg_s.a(lib_a-rand.o)
                              ./Generated_Code/UTIL1.o (srand)
c:/freescale/kds_3.0.0/toolchain/bin/../lib/gcc/arm-none-eabi/4.8.4/../../../../arm-none-eabi/lib/armv7e-m\libg_s.a(lib_a-strchr.o)
                              ./Generated_Code/UTIL1.o (strchr)
c:/freescale/kds_3.0.0/toolchain/bin/../lib/gcc/arm-none-eabi/4.8.4/../../../../arm-none-eabi/lib/armv7e-m\libg_s.a(lib_a-strlen.o)
                              ./Generated_Code/UTIL1.o (strlen)
c:/freescale/kds_3.0.0/toolchain/bin/../lib/gcc/arm-none-eabi/4.8.4/../../../../arm-none-eabi/lib/armv7e-m\libg_s.a(lib_a-strncmp.o)
                              ./Generated_Code/UTIL1.o (strncmp)
c:/freescale/kds_3.0.0/toolchain/bin/../lib/gcc/arm-none-eabi/4.8.4/../../../../arm-none-eabi/lib/armv7e-m\libg_s.a(lib_a-malloc.o)
                              c:/freescale/kds_3.0.0/toolchain/bin/../lib/gcc/arm-none-eabi/4.8.4/../../../../arm-none-eabi/lib/armv7e-m\libg_s.a(lib_a-rand.o) (malloc)
c:/freescale/kds_3.0.0/toolchain/bin/../lib/gcc/arm-none-eabi/4.8.4/../../../../arm-none-eabi/lib/armv7e-m\libg_s.a(lib_a-nano-freer.o)
                              c:/freescale/kds_3.0.0/toolchain/bin/../lib/gcc/arm-none-eabi/4.8.4/../../../../arm-none-eabi/lib/armv7e-m\libg_s.a(lib_a-malloc.o) (_free_r)
[...]
Memory Configuration

Name             Origin             Length             Attributes
m_interrupts     0x00000000         0x000001e0         xr
m_text           0x00000410         0x0007fbf0         xr
m_data           0x1fff0000         0x00010000         rw
m_data_20000000  0x20000000         0x00010000         rw
m_cfmprotrom     0x00000400         0x00000010         xr
*default*        0x00000000         0xffffffff

Linker script and memory map

LOAD c:/freescale/kds_3.0.0/toolchain/bin/../lib/gcc/arm-none-eabi/4.8.4/armv7e-m/crti.o
LOAD c:/freescale/kds_3.0.0/toolchain/bin/../lib/gcc/arm-none-eabi/4.8.4/armv7e-m/crtbegin.o
LOAD c:/freescale/kds_3.0.0/toolchain/bin/../lib/gcc/arm-none-eabi/4.8.4/../../../../arm-none-eabi/lib/armv7e-m/crt0.o
LOAD ./Sources/Events.o
LOAD ./Sources/main.o
LOAD ./Project_Settings/Startup_Code/startup.o
LOAD ./Generated_Code/BitIoLdd1.o
LOAD ./Generated_Code/BitIoLdd2.o
LOAD ./Generated_Code/BitIoLdd3.o
LOAD ./Generated_Code/BitIoLdd4.o
LOAD ./Generated_Code/Cpu.o
LOAD ./Generated_Code/FRTOS1.o
LOAD ./Generated_Code/LEDpin1.o
LOAD ./Generated_Code/LEDpin2.o
LOAD ./Generated_Code/LEDpin3.o
LOAD ./Generated_Code/LEDpin4.o
LOAD ./Generated_Code/MCUC1.o
LOAD ./Generated_Code/PE_LDD.o
LOAD ./Generated_Code/UTIL1.o
LOAD ./Generated_Code/Vectors.o
LOAD ./Generated_Code/button.o
LOAD ./Generated_Code/croutine.o
LOAD ./Generated_Code/d10.o
LOAD ./Generated_Code/d11.o
LOAD ./Generated_Code/d12.o
LOAD ./Generated_Code/d9.o
LOAD ./Generated_Code/event_groups.o
LOAD ./Generated_Code/heap_1.o
LOAD ./Generated_Code/heap_2.o
LOAD ./Generated_Code/heap_3.o
LOAD ./Generated_Code/heap_4.o
LOAD ./Generated_Code/heap_5.o
LOAD ./Generated_Code/heap_useNewlib.o
LOAD ./Generated_Code/list.o
LOAD ./Generated_Code/mpu_wrappers.o
LOAD ./Generated_Code/port.o
LOAD ./Generated_Code/queue.o
LOAD ./Generated_Code/stream_buffer.o
LOAD ./Generated_Code/tasks.o
LOAD ./Generated_Code/timers.o
LOAD c:/freescale/kds_3.0.0/toolchain/bin/../lib/gcc/arm-none-eabi/4.8.4/../../../../arm-none-eabi/lib/armv7e-m\libstdc++_s.a
LOAD c:/freescale/kds_3.0.0/toolchain/bin/../lib/gcc/arm-none-eabi/4.8.4/../../../../arm-none-eabi/lib/armv7e-m\libm.a
START GROUP
LOAD c:/freescale/kds_3.0.0/toolchain/bin/../lib/gcc/arm-none-eabi/4.8.4/armv7e-m\libgcc.a
LOAD c:/freescale/kds_3.0.0/toolchain/bin/../lib/gcc/arm-none-eabi/4.8.4/../../../../arm-none-eabi/lib/armv7e-m\libg_s.a
LOAD c:/freescale/kds_3.0.0/toolchain/bin/../lib/gcc/arm-none-eabi/4.8.4/../../../../arm-none-eabi/lib/armv7e-m\libc_s.a
END GROUP
START GROUP
LOAD c:/freescale/kds_3.0.0/toolchain/bin/../lib/gcc/arm-none-eabi/4.8.4/armv7e-m\libgcc.a
LOAD c:/freescale/kds_3.0.0/toolchain/bin/../lib/gcc/arm-none-eabi/4.8.4/../../../../arm-none-eabi/lib/armv7e-m\libc_s.a
LOAD c:/freescale/kds_3.0.0/toolchain/bin/../lib/gcc/arm-none-eabi/4.8.4/../../../../arm-none-eabi/lib/armv7e-m\libnosys.a
END GROUP
START GROUP
LOAD c:/freescale/kds_3.0.0/toolchain/bin/../lib/gcc/arm-none-eabi/4.8.4/armv7e-m\libgcc.a
LOAD c:/freescale/kds_3.0.0/toolchain/bin/../lib/gcc/arm-none-eabi/4.8.4/../../../../arm-none-eabi/lib/armv7e-m\libc_s.a
LOAD c:/freescale/kds_3.0.0/toolchain/bin/../lib/gcc/arm-none-eabi/4.8.4/../../../../arm-none-eabi/lib/armv7e-m\libnosys.a
END GROUP
LOAD c:/freescale/kds_3.0.0/toolchain/bin/../lib/gcc/arm-none-eabi/4.8.4/armv7e-m/crtend.o
LOAD c:/freescale/kds_3.0.0/toolchain/bin/../lib/gcc/arm-none-eabi/4.8.4/armv7e-m/crtn.o
                0x20000000                _estack = 0x20000000
                0x20000000                __SP_INIT = _estack
                0x20000000                __stack = _estack
                0x00000000                __heap_size = 0x0
                0x00000400                __stack_size = 0x400

.interrupts     0x00000000      0x1e0
                0x00000000                __vector_table = .
                0x00000000                . = ALIGN (0x4)
 *(.vectortable)
 .vectortable   0x00000000      0x1e0 ./Generated_Code/Vectors.o
                0x00000000                __vect_table
                0x000001e0                . = ALIGN (0x4)

.cfmprotect     0x00000400       0x10
                0x00000400                . = ALIGN (0x4)
 *(.cfmconfig)
 .cfmconfig     0x00000400       0x10 ./Generated_Code/Cpu.o
                0x00000400                _cfm
                0x00000410                . = ALIGN (0x4)

.text           0x00000410     0x2548
                0x00000410                . = ALIGN (0x4)
 *(.text)
 .text          0x00000410       0x54 c:/freescale/kds_3.0.0/toolchain/bin/../lib/gcc/arm-none-eabi/4.8.4/armv7e-m/crtbegin.o
 .text          0x00000464       0x74 c:/freescale/kds_3.0.0/toolchain/bin/../lib/gcc/arm-none-eabi/4.8.4/../../../../arm-none-eabi/lib/armv7e-m/crt0.o
                0x00000464                _start
                0x00000464                _mainCRTStartup
 *(.text*)
 .text.Cpu_OnNMIINT
                0x000004d8        0xc ./Sources/Events.o
                0x000004d8                Cpu_OnNMIINT
 .text.FRTOS1_vApplicationStackOverflowHook
                0x000004e4       0x18 ./Sources/Events.o
                0x000004e4                FRTOS1_vApplicationStackOverflowHook
 .text.FRTOS1_vApplicationMallocFailedHook
                0x000004fc       0x10 ./Sources/Events.o
                0x000004fc                FRTOS1_vApplicationMallocFailedHook
 .text.FRTOS1_vApplicationTickHook
                0x0000050c        0xc ./Sources/Events.o
                0x0000050c                FRTOS1_vApplicationTickHook
 .text.FRTOS1_vApplicationIdleHook
                0x00000518        0xc ./Sources/Events.o
                0x00000518                FRTOS1_vApplicationIdleHook
 .text.led_handler_task
                0x00000524       0x8c ./Sources/main.o
                0x00000524                led_handler_task
 .text.button_handler_task
                0x000005b0       0xdc ./Sources/main.o
                0x000005b0                button_handler_task
 .text.main     0x0000068c       0x68 ./Sources/main.o
                0x0000068c                main
 .text.__copy_rom_section
                0x000006f4       0xe4 ./Project_Settings/Startup_Code/startup.o
                0x000006f4                __copy_rom_section
 .text.__copy_rom_sections_to_ram
                0x000007d8       0x9c ./Project_Settings/Startup_Code/startup.o
                0x000007d8                __copy_rom_sections_to_ram
 .text.__init_registers
                0x00000874        0xc ./Project_Settings/Startup_Code/startup.o
                0x00000874                __init_registers
 .text.__init_user
                0x00000880        0xc ./Project_Settings/Startup_Code/startup.o
                0x00000880                __init_user
 .text.__thumb_startup
                0x0000088c       0x34 ./Project_Settings/Startup_Code/startup.o
                0x0000088c                __thumb_startup
 .text.BitIoLdd1_Init
                0x000008c0       0x64 ./Generated_Code/BitIoLdd1.o
                0x000008c0                BitIoLdd1_Init
 .text.BitIoLdd1_SetVal
                0x00000924       0x1c ./Generated_Code/BitIoLdd1.o
                0x00000924                BitIoLdd1_SetVal
 .text.BitIoLdd1_NegVal
                0x00000940       0x1c ./Generated_Code/BitIoLdd1.o
                0x00000940                BitIoLdd1_NegVal
 .text.BitIoLdd2_Init
                0x0000095c       0x64 ./Generated_Code/BitIoLdd2.o
                0x0000095c                BitIoLdd2_Init
 .text.BitIoLdd2_SetVal
                0x000009c0       0x1c ./Generated_Code/BitIoLdd2.o
                0x000009c0                BitIoLdd2_SetVal
 .text.BitIoLdd2_NegVal
                0x000009dc       0x1c ./Generated_Code/BitIoLdd2.o
                0x000009dc                BitIoLdd2_NegVal
 .text.BitIoLdd3_Init
                0x000009f8       0x64 ./Generated_Code/BitIoLdd3.o
                0x000009f8                BitIoLdd3_Init
 .text.BitIoLdd3_SetVal
                0x00000a5c       0x1c ./Generated_Code/BitIoLdd3.o
                0x00000a5c                BitIoLdd3_SetVal
 .text.BitIoLdd3_NegVal
                0x00000a78       0x1c ./Generated_Code/BitIoLdd3.o
                0x00000a78                BitIoLdd3_NegVal
 .text.BitIoLdd4_Init
                0x00000a94       0x64 ./Generated_Code/BitIoLdd4.o
                0x00000a94                BitIoLdd4_Init
 .text.BitIoLdd4_SetVal
                0x00000af8       0x1c ./Generated_Code/BitIoLdd4.o
                0x00000af8                BitIoLdd4_SetVal
 .text.BitIoLdd4_NegVal
                0x00000b14       0x1c ./Generated_Code/BitIoLdd4.o
                0x00000b14                BitIoLdd4_NegVal
 .text.Cpu_INT_NMIInterrupt
                0x00000b30       0x1c ./Generated_Code/Cpu.o
                0x00000b30                Cpu_INT_NMIInterrupt
 .text.Cpu_Interrupt
                0x00000b4c       0x18 ./Generated_Code/Cpu.o
                0x00000b4c                Cpu_Interrupt
 .text.__init_hardware
                0x00000b64      0x11c ./Generated_Code/Cpu.o
                0x00000b64                __init_hardware
 .text.PE_low_level_init
                0x00000c80      0x108 ./Generated_Code/Cpu.o
                0x00000c80                PE_low_level_init
 .text.FRTOS1_Init
                0x00000d88        0xc ./Generated_Code/FRTOS1.o
                0x00000d88                FRTOS1_Init
 .text.MCUC1_Init
                0x00000d94        0xc ./Generated_Code/MCUC1.o
                0x00000d94                MCUC1_Init
 .text.UTIL1_Init
                0x00000da0        0xc ./Generated_Code/UTIL1.o
                0x00000da0                UTIL1_Init
 .text.button_Init
                0x00000dac       0x70 ./Generated_Code/button.o
                0x00000dac                button_Init
 .text.button_GetFieldValue
                0x00000e1c       0x30 ./Generated_Code/button.o
                0x00000e1c                button_GetFieldValue
 .text.d10_Init
                0x00000e4c       0x14 ./Generated_Code/d10.o
                0x00000e4c                d10_Init
 .text.d11_Init
                0x00000e60       0x14 ./Generated_Code/d11.o
                0x00000e60                d11_Init
 .text.d12_Init
                0x00000e74       0x14 ./Generated_Code/d12.o
                0x00000e74                d12_Init
 .text.d9_Init  0x00000e88       0x14 ./Generated_Code/d9.o
                0x00000e88                d9_Init
 .text.pvPortMalloc
                0x00000e9c      0x178 ./Generated_Code/heap_4.o
                0x00000e9c                pvPortMalloc
 .text.vPortFree
                0x00001014       0xa0 ./Generated_Code/heap_4.o
                0x00001014                vPortFree
 .text.prvHeapInit
                0x000010b4       0xc8 ./Generated_Code/heap_4.o
 .text.prvInsertBlockIntoFreeList
                0x0000117c       0xb0 ./Generated_Code/heap_4.o
 .text.vListInitialise
                0x0000122c       0x40 ./Generated_Code/list.o
                0x0000122c                vListInitialise
 .text.vListInitialiseItem
                0x0000126c       0x18 ./Generated_Code/list.o
                0x0000126c                vListInitialiseItem
 .text.vListInsertEnd
                0x00001284       0x48 ./Generated_Code/list.o
                0x00001284                vListInsertEnd
 .text.vListInsert
                0x000012cc       0x70 ./Generated_Code/list.o
                0x000012cc                vListInsert
 .text.uxListRemove
                0x0000133c       0x54 ./Generated_Code/list.o
                0x0000133c                uxListRemove
 .text.pxPortInitialiseStack
                0x00001390       0x54 ./Generated_Code/port.o
                0x00001390                pxPortInitialiseStack
 .text.vPortInitTickTimer
                0x000013e4       0x44 ./Generated_Code/port.o
 .text.vPortStartTickTimer
                0x00001428       0x18 ./Generated_Code/port.o
 .text.vPortStopTickTimer
                0x00001440       0x18 ./Generated_Code/port.o
                0x00001440                vPortStopTickTimer
 .text.xPortStartScheduler
                0x00001458       0xb0 ./Generated_Code/port.o
                0x00001458                xPortStartScheduler
 .text.vPortEnterCritical
                0x00001508       0x4c ./Generated_Code/port.o
                0x00001508                vPortEnterCritical
 .text.vPortExitCritical
                0x00001554       0x2c ./Generated_Code/port.o
                0x00001554                vPortExitCritical
 .text.vPortYieldFromISR
                0x00001580       0x20 ./Generated_Code/port.o
                0x00001580                vPortYieldFromISR
 .text.vPortTickHandler
                0x000015a0       0x24 ./Generated_Code/port.o
                0x000015a0                vPortTickHandler
 .text.vPortStartFirstTask
                0x000015c4       0x4c ./Generated_Code/port.o
                0x000015c4                vPortStartFirstTask
 .text.vPortSVCHandler
                0x00001610       0x20 ./Generated_Code/port.o
                0x00001610                vPortSVCHandler
 .text.vPortPendSVHandler
                0x00001630       0x3c ./Generated_Code/port.o
                0x00001630                vPortPendSVHandler
 .text.xQueueGenericReset
                0x0000166c       0xb4 ./Generated_Code/queue.o
                0x0000166c                xQueueGenericReset
 .text.xQueueGenericCreate
                0x00001720       0x6c ./Generated_Code/queue.o
                0x00001720                xQueueGenericCreate
 .text.prvInitialiseNewQueue
                0x0000178c       0x3c ./Generated_Code/queue.o
 .text.xQueueGenericSend
                0x000017c8      0x1ac ./Generated_Code/queue.o
                0x000017c8                xQueueGenericSend
 .text.xQueueReceive
                0x00001974      0x188 ./Generated_Code/queue.o
                0x00001974                xQueueReceive
 .text.prvCopyDataToQueue
                0x00001afc       0xd8 ./Generated_Code/queue.o
 .text.prvCopyDataFromQueue
                0x00001bd4       0x4c ./Generated_Code/queue.o
 .text.prvUnlockQueue
                0x00001c20       0xa0 ./Generated_Code/queue.o
 .text.prvIsQueueEmpty
                0x00001cc0       0x2c ./Generated_Code/queue.o
 .text.prvIsQueueFull
                0x00001cec       0x30 ./Generated_Code/queue.o
 .text.xTaskCreate
                0x00001d1c       0x84 ./Generated_Code/tasks.o
                0x00001d1c                xTaskCreate
 .text.prvInitialiseNewTask
                0x00001da0      0x114 ./Generated_Code/tasks.o
 .text.prvAddNewTaskToReadyList
                0x00001eb4       0xc4 ./Generated_Code/tasks.o
 .text.vTaskDelay
                0x00001f78       0x4c ./Generated_Code/tasks.o
                0x00001f78                vTaskDelay
 .text.vTaskStartScheduler
                0x00001fc4       0x74 ./Generated_Code/tasks.o
                0x00001fc4                vTaskStartScheduler
 .text.vTaskSuspendAll
                0x00002038       0x1c ./Generated_Code/tasks.o
                0x00002038                vTaskSuspendAll
 .text.xTaskResumeAll
                0x00002054      0x11c ./Generated_Code/tasks.o
                0x00002054                xTaskResumeAll
 .text.xTaskIncrementTick
                0x00002170      0x174 ./Generated_Code/tasks.o
                0x00002170                xTaskIncrementTick
 .text.vTaskSwitchContext
                0x000022e4       0xc8 ./Generated_Code/tasks.o
                0x000022e4                vTaskSwitchContext
 .text.vTaskPlaceOnEventList
                0x000023ac       0x3c ./Generated_Code/tasks.o
                0x000023ac                vTaskPlaceOnEventList
 .text.xTaskRemoveFromEventList
                0x000023e8       0xb8 ./Generated_Code/tasks.o
                0x000023e8                xTaskRemoveFromEventList
 .text.vTaskInternalSetTimeOutState
                0x000024a0       0x2c ./Generated_Code/tasks.o
                0x000024a0                vTaskInternalSetTimeOutState
 .text.xTaskCheckForTimeOut
                0x000024cc       0xac ./Generated_Code/tasks.o
                0x000024cc                xTaskCheckForTimeOut
 .text.vTaskMissedYield
                0x00002578       0x18 ./Generated_Code/tasks.o
                0x00002578                vTaskMissedYield
 .text.prvIdleTask
                0x00002590       0x24 ./Generated_Code/tasks.o
 .text.prvInitialiseTaskLists
                0x000025b4       0x74 ./Generated_Code/tasks.o
 .text.prvCheckTasksWaitingTermination
                0x00002628        0xc ./Generated_Code/tasks.o
 .text.prvResetNextTaskUnblockTime
                0x00002634       0x40 ./Generated_Code/tasks.o
 .text.xTaskGetSchedulerState
                0x00002674       0x3c ./Generated_Code/tasks.o
                0x00002674                xTaskGetSchedulerState
 .text.xTaskPriorityDisinherit
                0x000026b0       0xf4 ./Generated_Code/tasks.o
                0x000026b0                xTaskPriorityDisinherit
 .text.prvAddCurrentTaskToDelayedList
                0x000027a4       0xc8 ./Generated_Code/tasks.o
 .text.exit     0x0000286c       0x28 c:/freescale/kds_3.0.0/toolchain/bin/../lib/gcc/arm-none-eabi/4.8.4/../../../../arm-none-eabi/lib/armv7e-m\libg_s.a(lib_a-exit.o)
                0x0000286c                exit
 .text.__libc_init_array
                0x00002894       0x4c c:/freescale/kds_3.0.0/toolchain/bin/../lib/gcc/arm-none-eabi/4.8.4/../../../../arm-none-eabi/lib/armv7e-m\libg_s.a(lib_a-init.o)
                0x00002894                __libc_init_array
 .text.memcpy   0x000028e0       0x12 c:/freescale/kds_3.0.0/toolchain/bin/../lib/gcc/arm-none-eabi/4.8.4/../../../../arm-none-eabi/lib/armv7e-m\libg_s.a(lib_a-memcpy-stub.o)
                0x000028e0                memcpy
 .text.memset   0x000028f2       0x10 c:/freescale/kds_3.0.0/toolchain/bin/../lib/gcc/arm-none-eabi/4.8.4/../../../../arm-none-eabi/lib/armv7e-m\libg_s.a(lib_a-memset.o)
                0x000028f2                memset
 *fill*         0x00002902        0x2 
 .text._exit    0x00002904        0x4 c:/freescale/kds_3.0.0/toolchain/bin/../lib/gcc/arm-none-eabi/4.8.4/../../../../arm-none-eabi/lib/armv7e-m\libnosys.a(_exit.o)
                0x00002904                _exit
 *(.rodata)
 .rodata        0x00002908       0x28 ./Sources/main.o
 .rodata        0x00002930        0x8 ./Generated_Code/tasks.o
 *(.rodata*)
 .rodata.freeRTOSMemoryScheme
                0x00002938        0x1 ./Generated_Code/FRTOS1.o
                0x00002938                freeRTOSMemoryScheme
 .rodata.str1.1
                0x00002939        0x2 c:/freescale/kds_3.0.0/toolchain/bin/../lib/gcc/arm-none-eabi/4.8.4/../../../../arm-none-eabi/lib/armv7e-m\libg_s.a(lib_a-impure.o)
 *fill*         0x0000293b        0x1 
 .rodata._global_impure_ptr
                0x0000293c        0x4 c:/freescale/kds_3.0.0/toolchain/bin/../lib/gcc/arm-none-eabi/4.8.4/../../../../arm-none-eabi/lib/armv7e-m\libg_s.a(lib_a-impure.o)
                0x0000293c                _global_impure_ptr
 *(.glue_7)
 .glue_7        0x00000000        0x0 linker stubs
 *(.glue_7t)
 .glue_7t       0x00000000        0x0 linker stubs
 *(.eh_frame)
 .eh_frame      0x00002940        0x0 c:/freescale/kds_3.0.0/toolchain/bin/../lib/gcc/arm-none-eabi/4.8.4/armv7e-m/crtbegin.o
 *(.init)
 .init          0x00002940        0x4 c:/freescale/kds_3.0.0/toolchain/bin/../lib/gcc/arm-none-eabi/4.8.4/armv7e-m/crti.o
                0x00002940                _init
 .init          0x00002944        0x8 c:/freescale/kds_3.0.0/toolchain/bin/../lib/gcc/arm-none-eabi/4.8.4/armv7e-m/crtn.o
 *(.fini)
 .fini          0x0000294c        0x4 c:/freescale/kds_3.0.0/toolchain/bin/../lib/gcc/arm-none-eabi/4.8.4/armv7e-m/crti.o
                0x0000294c                _fini
 .fini          0x00002950        0x8 c:/freescale/kds_3.0.0/toolchain/bin/../lib/gcc/arm-none-eabi/4.8.4/armv7e-m/crtn.o
                0x00002958                . = ALIGN (0x4)
                0x00002958                _etext = .

.vfp11_veneer   0x00002958        0x0
 .vfp11_veneer  0x00000000        0x0 linker stubs

.v4_bx          0x00002958        0x0
 .v4_bx         0x00000000        0x0 linker stubs

.iplt           0x00002958        0x0
 .iplt          0x00000000        0x0 c:/freescale/kds_3.0.0/toolchain/bin/../lib/gcc/arm-none-eabi/4.8.4/armv7e-m/crtbegin.o

.ARM.extab
 *(.ARM.extab* .gnu.linkonce.armextab.*)

.ARM            0x00002958        0x8
                0x00002958                __exidx_start = .
 *(.ARM.exidx*)
 .ARM.exidx     0x00002958        0x8 c:/freescale/kds_3.0.0/toolchain/bin/../lib/gcc/arm-none-eabi/4.8.4/../../../../arm-none-eabi/lib/armv7e-m/crt0.o
                0x00002960                __exidx_end = .

.rel.dyn        0x00002960        0x0
 .rel.iplt      0x00000000        0x0 c:/freescale/kds_3.0.0/toolchain/bin/../lib/gcc/arm-none-eabi/4.8.4/armv7e-m/crtbegin.o

.ctors          0x00002960        0x0
                0x00002960                __CTOR_LIST__ = .
 *crtbegin.o(.ctors)
 *(EXCLUDE_FILE(*crtend.o) .ctors)
 *(SORT(.ctors.*))
 *(.ctors)
                0x00002960                __CTOR_END__ = .

.dtors          0x00002960        0x0
                0x00002960                __DTOR_LIST__ = .
 *crtbegin.o(.dtors)
 *(EXCLUDE_FILE(*crtend.o) .dtors)
 *(SORT(.dtors.*))
 *(.dtors)
                0x00002960                __DTOR_END__ = .

.preinit_array  0x00002960        0x0
                0x00002960                PROVIDE (__preinit_array_start, .)
 *(.preinit_array*)
                0x00002960                PROVIDE (__preinit_array_end, .)

.init_array     0x00002960        0x4
                0x00002960                PROVIDE (__init_array_start, .)
 *(SORT(.init_array.*))
 *(.init_array*)
 .init_array    0x00002960        0x4 c:/freescale/kds_3.0.0/toolchain/bin/../lib/gcc/arm-none-eabi/4.8.4/armv7e-m/crtbegin.o
                0x00002964                PROVIDE (__init_array_end, .)

.fini_array     0x00002964        0x4
                0x00002964                PROVIDE (__fini_array_start, .)
 *(SORT(.fini_array.*))
 *(.fini_array*)
 .fini_array    0x00002964        0x4 c:/freescale/kds_3.0.0/toolchain/bin/../lib/gcc/arm-none-eabi/4.8.4/armv7e-m/crtbegin.o
                0x00002968                PROVIDE (__fini_array_end, .)
                0x00002968                ___ROM_AT = .

.data           0x1fff0000       0x6c load address 0x00002968
                0x1fff0000                . = ALIGN (0x4)
                0x1fff0000                _sdata = .
 *(.data)
 *(.data*)
 .data.xHeapStructSize
                0x1fff0000        0x4 ./Generated_Code/heap_4.o
 .data.uxCriticalNesting
                0x1fff0004        0x4 ./Generated_Code/port.o
 .data.uxTopUsedPriority
                0x1fff0008        0x4 ./Generated_Code/port.o
                0x1fff0008                uxTopUsedPriority
 .data.impure_data
                0x1fff000c       0x60 c:/freescale/kds_3.0.0/toolchain/bin/../lib/gcc/arm-none-eabi/4.8.4/../../../../arm-none-eabi/lib/armv7e-m\libg_s.a(lib_a-impure.o)
                0x1fff006c                . = ALIGN (0x4)
                0x1fff006c                _edata = .
                0x0000006c                ___data_size = (_edata - _sdata)
                0x000029d4                ___m_data_20000000_ROMStart = (___ROM_AT + SIZEOF (.data))

.jcr            0x1fff006c        0x0 load address 0x000029d4
 .jcr           0x1fff006c        0x0 c:/freescale/kds_3.0.0/toolchain/bin/../lib/gcc/arm-none-eabi/4.8.4/armv7e-m/crtbegin.o

.igot.plt       0x1fff006c        0x0 load address 0x000029d4
 .igot.plt      0x00000000        0x0 c:/freescale/kds_3.0.0/toolchain/bin/../lib/gcc/arm-none-eabi/4.8.4/armv7e-m/crtbegin.o

.m_data_20000000
                0x20000000        0x0 load address 0x000029d4
                0x20000000                . = ALIGN (0x4)
                0x20000000                ___m_data_20000000_RAMStart = .
 *(.m_data_20000000)
                0x20000000                ___m_data_20000000_RAMEnd = .
                0x20000000                . = ALIGN (0x4)
                0x00000000                ___m_data_20000000_ROMSize = (___m_data_20000000_RAMEnd - ___m_data_20000000_RAMStart)
                0x20000000                . = ALIGN (0x4)

.bss            0x1fff006c      0x96c load address 0x000029d4
                0x1fff006c                __START_BSS = .
                0x1fff006c                PROVIDE (__bss_start__, __START_BSS)
 *(.bss)
 .bss           0x1fff006c       0x1c c:/freescale/kds_3.0.0/toolchain/bin/../lib/gcc/arm-none-eabi/4.8.4/armv7e-m/crtbegin.o
 *(.bss*)
 .bss.state     0x1fff0088        0x4 ./Sources/main.o
                0x1fff0088                state
 .bss.DeviceDataPrv__DEFAULT_RTOS_ALLOC
                0x1fff008c        0x4 ./Generated_Code/BitIoLdd1.o
 .bss.DeviceDataPrv__DEFAULT_RTOS_ALLOC
                0x1fff0090        0x4 ./Generated_Code/BitIoLdd2.o
 .bss.DeviceDataPrv__DEFAULT_RTOS_ALLOC
                0x1fff0094        0x4 ./Generated_Code/BitIoLdd3.o
 .bss.DeviceDataPrv__DEFAULT_RTOS_ALLOC
                0x1fff0098        0x4 ./Generated_Code/BitIoLdd4.o
 .bss.PE_LDD_DeviceDataList
                0x1fff009c       0x14 ./Generated_Code/PE_LDD.o
                0x1fff009c                PE_LDD_DeviceDataList
 .bss.DeviceDataPrv__DEFAULT_RTOS_ALLOC
                0x1fff00b0        0x4 ./Generated_Code/button.o
 .bss.ucHeap    0x1fff00b4      0x800 ./Generated_Code/heap_4.o
 .bss.xStart    0x1fff08b4        0x8 ./Generated_Code/heap_4.o
 .bss.pxEnd     0x1fff08bc        0x4 ./Generated_Code/heap_4.o
 .bss.xFreeBytesRemaining
                0x1fff08c0        0x4 ./Generated_Code/heap_4.o
 .bss.xMinimumEverFreeBytesRemaining
                0x1fff08c4        0x4 ./Generated_Code/heap_4.o
 .bss.xBlockAllocatedBit
                0x1fff08c8        0x4 ./Generated_Code/heap_4.o
 .bss.ucMaxSysCallPriority
                0x1fff08cc        0x1 ./Generated_Code/port.o
 *fill*         0x1fff08cd        0x3 
 .bss.ulMaxPRIGROUPValue
                0x1fff08d0        0x4 ./Generated_Code/port.o
 .bss.pxCurrentTCB
                0x1fff08d4        0x4 ./Generated_Code/tasks.o
                0x1fff08d4                pxCurrentTCB
 .bss.uxCurrentNumberOfTasks
                0x1fff08d8        0x4 ./Generated_Code/tasks.o
                0x1fff08d8                uxCurrentNumberOfTasks
 .bss.xTickCount
                0x1fff08dc        0x4 ./Generated_Code/tasks.o
 .bss.uxTopReadyPriority
                0x1fff08e0        0x4 ./Generated_Code/tasks.o
                0x1fff08e0                uxTopReadyPriority
 .bss.xSchedulerRunning
                0x1fff08e4        0x4 ./Generated_Code/tasks.o
                0x1fff08e4                xSchedulerRunning
 .bss.uxPendedTicks
                0x1fff08e8        0x4 ./Generated_Code/tasks.o
 .bss.xYieldPending
                0x1fff08ec        0x4 ./Generated_Code/tasks.o
 .bss.xNumOfOverflows
                0x1fff08f0        0x4 ./Generated_Code/tasks.o
 .bss.uxTaskNumber
                0x1fff08f4        0x4 ./Generated_Code/tasks.o
 .bss.xNextTaskUnblockTime
                0x1fff08f8        0x4 ./Generated_Code/tasks.o
 .bss.xIdleTaskHandle
                0x1fff08fc        0x4 ./Generated_Code/tasks.o
 .bss.uxSchedulerSuspended
                0x1fff0900        0x4 ./Generated_Code/tasks.o
 *(COMMON)
 COMMON         0x1fff0904        0x4 ./Sources/main.o
                0x1fff0904                q
 COMMON         0x1fff0908       0xd0 ./Generated_Code/tasks.o
                0x1fff0908                pxReadyTasksLists
                0x1fff0980                xPendingReadyList
                0x1fff0994                xSuspendedTaskList
                0x1fff09a8                pxDelayedTaskList
                0x1fff09ac                pxOverflowDelayedTaskList
                0x1fff09b0                xDelayedTaskList1
                0x1fff09c4                xDelayedTaskList2
                0x1fff09d8                . = ALIGN (0x4)
                0x1fff09d8                __END_BSS = .
                0x1fff09d8                PROVIDE (__bss_end__, __END_BSS)
                0x000029d4                _romp_at = ((___ROM_AT + SIZEOF (.data)) + SIZEOF (.m_data_20000000))

.romp           0x1fff09d8       0x24 load address 0x000029d4
                0x000029d4                __S_romp = _romp_at
                0x1fff09d8        0x4 LONG 0x2968 ___ROM_AT
                0x1fff09dc        0x4 LONG 0x1fff0000 _sdata
                0x1fff09e0        0x4 LONG 0x6c ___data_size
                0x1fff09e4        0x4 LONG 0x29d4 ___m_data_20000000_ROMStart
                0x1fff09e8        0x4 LONG 0x20000000 ___m_data_20000000_RAMStart
                0x1fff09ec        0x4 LONG 0x0 ___m_data_20000000_ROMSize
                0x1fff09f0        0x4 LONG 0x0
                0x1fff09f4        0x4 LONG 0x0
                0x1fff09f8        0x4 LONG 0x0

._user_heap_stack
                0x1fff09fc      0x400 load address 0x000029f8
                0x1fff09fc                . = ALIGN (0x4)
                0x1fff09fc                PROVIDE (end, .)
                0x1fff09fc                PROVIDE (_end, .)
                0x1fff09fc                __heap_addr = .
                0x1fff09fc                __HeapBase = .
                0x1fff09fc                . = (. + __heap_size)
                0x1fff09fc                __HeapLimit = .
                0x1fff0dfc                . = (. + __stack_size)
 *fill*         0x1fff09fc      0x400 
                0x1fff0dfc                . = ALIGN (0x4)

.ARM.attributes
                0x00000000       0x2a
 *(.ARM.attributes)
 .ARM.attributes
                0x00000000       0x1e c:/freescale/kds_3.0.0/toolchain/bin/../lib/gcc/arm-none-eabi/4.8.4/armv7e-m/crti.o
 .ARM.attributes
                0x0000001e       0x2e c:/freescale/kds_3.0.0/toolchain/bin/../lib/gcc/arm-none-eabi/4.8.4/armv7e-m/crtbegin.o
 .ARM.attributes
                0x0000004c       0x1c c:/freescale/kds_3.0.0/toolchain/bin/../lib/gcc/arm-none-eabi/4.8.4/../../../../arm-none-eabi/lib/armv7e-m/crt0.o
 .ARM.attributes
                0x00000068       0x33 ./Sources/Events.o
 .ARM.attributes
                0x0000009b       0x33 ./Sources/main.o
 .ARM.attributes
                0x000000ce       0x33 ./Project_Settings/Startup_Code/startup.o
 .ARM.attributes
                0x00000101       0x33 ./Generated_Code/BitIoLdd1.o
 .ARM.attributes
                0x00000134       0x33 ./Generated_Code/BitIoLdd2.o
 .ARM.attributes
                0x00000167       0x33 ./Generated_Code/BitIoLdd3.o
 .ARM.attributes
                0x0000019a       0x33 ./Generated_Code/BitIoLdd4.o
 .ARM.attributes
                0x000001cd       0x33 ./Generated_Code/Cpu.o
 .ARM.attributes
                0x00000200       0x33 ./Generated_Code/FRTOS1.o
 .ARM.attributes
                0x00000233       0x33 ./Generated_Code/MCUC1.o
 .ARM.attributes
                0x00000266       0x33 ./Generated_Code/PE_LDD.o
 .ARM.attributes
                0x00000299       0x33 ./Generated_Code/UTIL1.o
 .ARM.attributes
                0x000002cc       0x33 ./Generated_Code/Vectors.o
 .ARM.attributes
                0x000002ff       0x33 ./Generated_Code/button.o
 .ARM.attributes
                0x00000332       0x33 ./Generated_Code/d10.o
 .ARM.attributes
                0x00000365       0x33 ./Generated_Code/d11.o
 .ARM.attributes
                0x00000398       0x33 ./Generated_Code/d12.o
 .ARM.attributes
                0x000003cb       0x33 ./Generated_Code/d9.o
 .ARM.attributes
                0x000003fe       0x33 ./Generated_Code/heap_4.o
 .ARM.attributes
                0x00000431       0x33 ./Generated_Code/list.o
 .ARM.attributes
                0x00000464       0x33 ./Generated_Code/port.o
 .ARM.attributes
                0x00000497       0x33 ./Generated_Code/queue.o
 .ARM.attributes
                0x000004ca       0x33 ./Generated_Code/tasks.o
 .ARM.attributes
                0x000004fd       0x2e c:/freescale/kds_3.0.0/toolchain/bin/../lib/gcc/arm-none-eabi/4.8.4/../../../../arm-none-eabi/lib/armv7e-m\libg_s.a(lib_a-exit.o)
 .ARM.attributes
                0x0000052b       0x2e c:/freescale/kds_3.0.0/toolchain/bin/../lib/gcc/arm-none-eabi/4.8.4/../../../../arm-none-eabi/lib/armv7e-m\libg_s.a(lib_a-impure.o)
 .ARM.attributes
                0x00000559       0x2e c:/freescale/kds_3.0.0/toolchain/bin/../lib/gcc/arm-none-eabi/4.8.4/../../../../arm-none-eabi/lib/armv7e-m\libg_s.a(lib_a-init.o)
 .ARM.attributes
                0x00000587       0x2e c:/freescale/kds_3.0.0/toolchain/bin/../lib/gcc/arm-none-eabi/4.8.4/../../../../arm-none-eabi/lib/armv7e-m\libg_s.a(lib_a-memcpy-stub.o)
 .ARM.attributes
                0x000005b5       0x2e c:/freescale/kds_3.0.0/toolchain/bin/../lib/gcc/arm-none-eabi/4.8.4/../../../../arm-none-eabi/lib/armv7e-m\libg_s.a(lib_a-memset.o)
 .ARM.attributes
                0x000005e3       0x2e c:/freescale/kds_3.0.0/toolchain/bin/../lib/gcc/arm-none-eabi/4.8.4/../../../../arm-none-eabi/lib/armv7e-m\libnosys.a(_exit.o)
 .ARM.attributes
                0x00000611       0x1e c:/freescale/kds_3.0.0/toolchain/bin/../lib/gcc/arm-none-eabi/4.8.4/armv7e-m/crtn.o
OUTPUT(xvalas10_freertos.elf elf32-littlearm)

.debug_info     0x00000000     0x75b4
 .debug_info    0x00000000      0x180 ./Sources/Events.o
 .debug_info    0x00000180      0x219 ./Sources/main.o
 .debug_info    0x00000399      0x20a ./Project_Settings/Startup_Code/startup.o
 .debug_info    0x000005a3      0x343 ./Generated_Code/BitIoLdd1.o
 .debug_info    0x000008e6      0x343 ./Generated_Code/BitIoLdd2.o
 .debug_info    0x00000c29      0x343 ./Generated_Code/BitIoLdd3.o
 .debug_info    0x00000f6c      0x343 ./Generated_Code/BitIoLdd4.o
 .debug_info    0x000012af      0xb1e ./Generated_Code/Cpu.o
 .debug_info    0x00001dcd      0x102 ./Generated_Code/FRTOS1.o
 .debug_info    0x00001ecf       0xa7 ./Generated_Code/MCUC1.o
 .debug_info    0x00001f76      0x251 ./Generated_Code/PE_LDD.o
 .debug_info    0x000021c7     0x1b2a ./Generated_Code/UTIL1.o
 .debug_info    0x00003cf1      0x10f ./Generated_Code/Vectors.o
 .debug_info    0x00003e00      0x3ef ./Generated_Code/button.o
 .debug_info    0x000041ef      0x104 ./Generated_Code/d10.o
 .debug_info    0x000042f3      0x104 ./Generated_Code/d11.o
 .debug_info    0x000043f7      0x104 ./Generated_Code/d12.o
 .debug_info    0x000044fb      0x104 ./Generated_Code/d9.o
 .debug_info    0x000045ff      0x318 ./Generated_Code/heap_4.o
 .debug_info    0x00004917      0x2b3 ./Generated_Code/list.o
 .debug_info    0x00004bca      0x392 ./Generated_Code/port.o
 .debug_info    0x00004f5c      0xfca ./Generated_Code/queue.o
 .debug_info    0x00005f26     0x168e ./Generated_Code/tasks.o

.debug_abbrev   0x00000000     0x19d2
 .debug_abbrev  0x00000000       0x8d ./Sources/Events.o
 .debug_abbrev  0x0000008d      0x126 ./Sources/main.o
 .debug_abbrev  0x000001b3      0x11e ./Project_Settings/Startup_Code/startup.o
 .debug_abbrev  0x000002d1      0x127 ./Generated_Code/BitIoLdd1.o
 .debug_abbrev  0x000003f8      0x127 ./Generated_Code/BitIoLdd2.o
 .debug_abbrev  0x0000051f      0x127 ./Generated_Code/BitIoLdd3.o
 .debug_abbrev  0x00000646      0x127 ./Generated_Code/BitIoLdd4.o
 .debug_abbrev  0x0000076d      0x185 ./Generated_Code/Cpu.o
 .debug_abbrev  0x000008f2       0x9c ./Generated_Code/FRTOS1.o
 .debug_abbrev  0x0000098e       0x45 ./Generated_Code/MCUC1.o
 .debug_abbrev  0x000009d3      0x10d ./Generated_Code/PE_LDD.o
 .debug_abbrev  0x00000ae0      0x1b4 ./Generated_Code/UTIL1.o
 .debug_abbrev  0x00000c94       0xa4 ./Generated_Code/Vectors.o
 .debug_abbrev  0x00000d38      0x150 ./Generated_Code/button.o
 .debug_abbrev  0x00000e88       0xc6 ./Generated_Code/d10.o
 .debug_abbrev  0x00000f4e       0xc6 ./Generated_Code/d11.o
 .debug_abbrev  0x00001014       0xc6 ./Generated_Code/d12.o
 .debug_abbrev  0x000010da       0xc6 ./Generated_Code/d9.o
 .debug_abbrev  0x000011a0      0x17c ./Generated_Code/heap_4.o
 .debug_abbrev  0x0000131c       0xc8 ./Generated_Code/list.o
 .debug_abbrev  0x000013e4      0x158 ./Generated_Code/port.o
 .debug_abbrev  0x0000153c      0x20c ./Generated_Code/queue.o
 .debug_abbrev  0x00001748      0x28a ./Generated_Code/tasks.o

.debug_aranges  0x00000000      0xa30
 .debug_aranges
                0x00000000       0x50 ./Sources/Events.o
 .debug_aranges
                0x00000050       0x30 ./Sources/main.o
 .debug_aranges
                0x00000080       0x50 ./Project_Settings/Startup_Code/startup.o
 .debug_aranges
                0x000000d0       0x40 ./Generated_Code/BitIoLdd1.o
 .debug_aranges
                0x00000110       0x40 ./Generated_Code/BitIoLdd2.o
 .debug_aranges
                0x00000150       0x40 ./Generated_Code/BitIoLdd3.o
 .debug_aranges
                0x00000190       0x40 ./Generated_Code/BitIoLdd4.o
 .debug_aranges
                0x000001d0       0x40 ./Generated_Code/Cpu.o
 .debug_aranges
                0x00000210       0x30 ./Generated_Code/FRTOS1.o
 .debug_aranges
                0x00000240       0x28 ./Generated_Code/MCUC1.o
 .debug_aranges
                0x00000268       0x30 ./Generated_Code/PE_LDD.o
 .debug_aranges
                0x00000298      0x250 ./Generated_Code/UTIL1.o
 .debug_aranges
                0x000004e8       0x18 ./Generated_Code/Vectors.o
 .debug_aranges
                0x00000500       0x48 ./Generated_Code/button.o
 .debug_aranges
                0x00000548       0x30 ./Generated_Code/d10.o
 .debug_aranges
                0x00000578       0x30 ./Generated_Code/d11.o
 .debug_aranges
                0x000005a8       0x30 ./Generated_Code/d12.o
 .debug_aranges
                0x000005d8       0x30 ./Generated_Code/d9.o
 .debug_aranges
                0x00000608       0x58 ./Generated_Code/heap_4.o
 .debug_aranges
                0x00000660       0x40 ./Generated_Code/list.o
 .debug_aranges
                0x000006a0       0x98 ./Generated_Code/port.o
 .debug_aranges
                0x00000738      0x128 ./Generated_Code/queue.o
 .debug_aranges
                0x00000860      0x1d0 ./Generated_Code/tasks.o

.debug_ranges   0x00000000      0x8b8
 .debug_ranges  0x00000000       0x40 ./Sources/Events.o
 .debug_ranges  0x00000040       0x20 ./Sources/main.o
 .debug_ranges  0x00000060       0x40 ./Project_Settings/Startup_Code/startup.o
 .debug_ranges  0x000000a0       0x30 ./Generated_Code/BitIoLdd1.o
 .debug_ranges  0x000000d0       0x30 ./Generated_Code/BitIoLdd2.o
 .debug_ranges  0x00000100       0x30 ./Generated_Code/BitIoLdd3.o
 .debug_ranges  0x00000130       0x30 ./Generated_Code/BitIoLdd4.o
 .debug_ranges  0x00000160       0x30 ./Generated_Code/Cpu.o
 .debug_ranges  0x00000190       0x20 ./Generated_Code/FRTOS1.o
 .debug_ranges  0x000001b0       0x18 ./Generated_Code/MCUC1.o
 .debug_ranges  0x000001c8       0x20 ./Generated_Code/PE_LDD.o
 .debug_ranges  0x000001e8      0x240 ./Generated_Code/UTIL1.o
 .debug_ranges  0x00000428       0x38 ./Generated_Code/button.o
 .debug_ranges  0x00000460       0x20 ./Generated_Code/d10.o
 .debug_ranges  0x00000480       0x20 ./Generated_Code/d11.o
 .debug_ranges  0x000004a0       0x20 ./Generated_Code/d12.o
 .debug_ranges  0x000004c0       0x20 ./Generated_Code/d9.o
 .debug_ranges  0x000004e0       0x48 ./Generated_Code/heap_4.o
 .debug_ranges  0x00000528       0x30 ./Generated_Code/list.o
 .debug_ranges  0x00000558       0x88 ./Generated_Code/port.o
 .debug_ranges  0x000005e0      0x118 ./Generated_Code/queue.o
 .debug_ranges  0x000006f8      0x1c0 ./Generated_Code/tasks.o

.debug_macro    0x00000000    0x2bad8
 .debug_macro   0x00000000      0x355 ./Sources/Events.o
 .debug_macro   0x00000355      0x84a ./Sources/Events.o
 .debug_macro   0x00000b9f       0x16 ./Sources/Events.o
 .debug_macro   0x00000bb5       0x44 ./Sources/Events.o
 .debug_macro   0x00000bf9      0x209 ./Sources/Events.o
 .debug_macro   0x00000e02     0x180f ./Sources/Events.o
 .debug_macro   0x00002611      0x14e ./Sources/Events.o
 .debug_macro   0x0000275f       0x6a ./Sources/Events.o
 .debug_macro   0x000027c9    0x116a7 ./Sources/Events.o
 .debug_macro   0x00013e70       0x94 ./Sources/Events.o
 .debug_macro   0x00013f04       0xd5 ./Sources/Events.o
 .debug_macro   0x00013fd9       0x58 ./Sources/Events.o
 .debug_macro   0x00014031       0x35 ./Sources/Events.o
 .debug_macro   0x00014066       0xa3 ./Sources/Events.o
 .debug_macro   0x00014109      0x166 ./Sources/Events.o
 .debug_macro   0x0001426f       0x52 ./Sources/Events.o
 .debug_macro   0x000142c1       0x16 ./Sources/Events.o
 .debug_macro   0x000142d7       0x43 ./Sources/Events.o
 .debug_macro   0x0001431a      0x180 ./Sources/Events.o
 .debug_macro   0x0001449a      0x2a6 ./Sources/Events.o
 .debug_macro   0x00014740       0x10 ./Sources/Events.o
 .debug_macro   0x00014750       0x35 ./Sources/Events.o
 .debug_macro   0x00014785       0x19 ./Sources/Events.o
 .debug_macro   0x0001479e       0x94 ./Sources/Events.o
 .debug_macro   0x00014832      0x12c ./Sources/Events.o
 .debug_macro   0x0001495e      0x4ea ./Sources/Events.o
 .debug_macro   0x00014e48       0x6c ./Sources/Events.o
 .debug_macro   0x00014eb4       0x16 ./Sources/Events.o
 .debug_macro   0x00014eca       0x46 ./Sources/Events.o
 .debug_macro   0x00014f10       0x1f ./Sources/Events.o
 .debug_macro   0x00014f2f       0x42 ./Sources/Events.o
 .debug_macro   0x00014f71       0x16 ./Sources/Events.o
 .debug_macro   0x00014f87       0x46 ./Sources/Events.o
 .debug_macro   0x00014fcd       0x1f ./Sources/Events.o
 .debug_macro   0x00014fec       0x42 ./Sources/Events.o
 .debug_macro   0x0001502e       0x16 ./Sources/Events.o
 .debug_macro   0x00015044       0x46 ./Sources/Events.o
 .debug_macro   0x0001508a       0x1f ./Sources/Events.o
 .debug_macro   0x000150a9       0x42 ./Sources/Events.o
 .debug_macro   0x000150eb       0x16 ./Sources/Events.o
 .debug_macro   0x00015101       0x46 ./Sources/Events.o
 .debug_macro   0x00015147       0x1f ./Sources/Events.o
 .debug_macro   0x00015166       0x42 ./Sources/Events.o
 .debug_macro   0x000151a8      0x12f ./Sources/Events.o
 .debug_macro   0x000152d7      0x258 ./Sources/Events.o
 .debug_macro   0x0001552f      0x15a ./Sources/Events.o
 .debug_macro   0x00015689      0x134 ./Sources/Events.o
 .debug_macro   0x000157bd       0x1c ./Sources/Events.o
 .debug_macro   0x000157d9       0x26 ./Sources/Events.o
 .debug_macro   0x000157ff      0x376 ./Sources/Events.o
 .debug_macro   0x00015b75       0xb5 ./Sources/Events.o
 .debug_macro   0x00015c2a       0xaa ./Sources/Events.o
 .debug_macro   0x00015cd4       0x86 ./Sources/Events.o
 .debug_macro   0x00015d5a       0x7e ./Sources/Events.o
 .debug_macro   0x00015dd8       0x97 ./Sources/Events.o
 .debug_macro   0x00015e6f       0x19 ./Sources/Events.o
 .debug_macro   0x00015e88      0x314 ./Sources/Events.o
 .debug_macro   0x0001619c      0x361 ./Sources/main.o
 .debug_macro   0x000164fd      0x121 ./Project_Settings/Startup_Code/startup.o
 .debug_macro   0x0001661e       0x4a ./Project_Settings/Startup_Code/startup.o
 .debug_macro   0x00016668       0x16 ./Project_Settings/Startup_Code/startup.o
 .debug_macro   0x0001667e       0x22 ./Project_Settings/Startup_Code/startup.o
 .debug_macro   0x000166a0       0x10 ./Project_Settings/Startup_Code/startup.o
 .debug_macro   0x000166b0      0x20f ./Project_Settings/Startup_Code/startup.o
 .debug_macro   0x000168bf    0x1169b ./Project_Settings/Startup_Code/startup.o
 .debug_macro   0x00027f5a      0x11d ./Generated_Code/BitIoLdd1.o
 .debug_macro   0x00028077     0x1809 ./Generated_Code/BitIoLdd1.o
 .debug_macro   0x00029880       0x9a ./Generated_Code/BitIoLdd1.o
 .debug_macro   0x0002991a       0x40 ./Generated_Code/BitIoLdd1.o
 .debug_macro   0x0002995a      0x11d ./Generated_Code/BitIoLdd2.o
 .debug_macro   0x00029a77       0x40 ./Generated_Code/BitIoLdd2.o
 .debug_macro   0x00029ab7      0x11d ./Generated_Code/BitIoLdd3.o
 .debug_macro   0x00029bd4       0x40 ./Generated_Code/BitIoLdd3.o
 .debug_macro   0x00029c14      0x11d ./Generated_Code/BitIoLdd4.o
 .debug_macro   0x00029d31       0x40 ./Generated_Code/BitIoLdd4.o
 .debug_macro   0x00029d71      0x372 ./Generated_Code/Cpu.o
 .debug_macro   0x0002a0e3      0x229 ./Generated_Code/FRTOS1.o
 .debug_macro   0x0002a30c       0x1c ./Generated_Code/FRTOS1.o
 .debug_macro   0x0002a328       0x92 ./Generated_Code/MCUC1.o
 .debug_macro   0x0002a3ba      0x319 ./Generated_Code/PE_LDD.o
 .debug_macro   0x0002a6d3      0x1ac ./Generated_Code/UTIL1.o
 .debug_macro   0x0002a87f      0x36c ./Generated_Code/Vectors.o
 .debug_macro   0x0002abeb      0x126 ./Generated_Code/button.o
 .debug_macro   0x0002ad11       0xe0 ./Generated_Code/d10.o
 .debug_macro   0x0002adf1       0xe0 ./Generated_Code/d11.o
 .debug_macro   0x0002aed1       0xe0 ./Generated_Code/d12.o
 .debug_macro   0x0002afb1       0xe0 ./Generated_Code/d9.o
 .debug_macro   0x0002b091      0x1c4 ./Generated_Code/heap_4.o
 .debug_macro   0x0002b255      0x191 ./Generated_Code/list.o
 .debug_macro   0x0002b3e6      0x253 ./Generated_Code/port.o
 .debug_macro   0x0002b639      0x216 ./Generated_Code/queue.o
 .debug_macro   0x0002b84f      0x279 ./Generated_Code/tasks.o
 .debug_macro   0x0002bac8       0x10 ./Generated_Code/tasks.o

.debug_line     0x00000000     0x79a5
 .debug_line    0x00000000      0x601 ./Sources/Events.o
 .debug_line    0x00000601      0x5e4 ./Sources/main.o
 .debug_line    0x00000be5      0x3e1 ./Project_Settings/Startup_Code/startup.o
 .debug_line    0x00000fc6      0x381 ./Generated_Code/BitIoLdd1.o
 .debug_line    0x00001347      0x381 ./Generated_Code/BitIoLdd2.o
 .debug_line    0x000016c8      0x381 ./Generated_Code/BitIoLdd3.o
 .debug_line    0x00001a49      0x381 ./Generated_Code/BitIoLdd4.o
 .debug_line    0x00001dca      0x740 ./Generated_Code/Cpu.o
 .debug_line    0x0000250a      0x434 ./Generated_Code/FRTOS1.o
 .debug_line    0x0000293e      0x238 ./Generated_Code/MCUC1.o
 .debug_line    0x00002b76      0x583 ./Generated_Code/PE_LDD.o
 .debug_line    0x000030f9      0xddf ./Generated_Code/UTIL1.o
 .debug_line    0x00003ed8      0x6b2 ./Generated_Code/Vectors.o
 .debug_line    0x0000458a      0x3c3 ./Generated_Code/button.o
 .debug_line    0x0000494d      0x2dd ./Generated_Code/d10.o
 .debug_line    0x00004c2a      0x2dd ./Generated_Code/d11.o
 .debug_line    0x00004f07      0x2dd ./Generated_Code/d12.o
 .debug_line    0x000051e4      0x2da ./Generated_Code/d9.o
 .debug_line    0x000054be      0x473 ./Generated_Code/heap_4.o
 .debug_line    0x00005931      0x3b0 ./Generated_Code/list.o
 .debug_line    0x00005ce1      0x472 ./Generated_Code/port.o
 .debug_line    0x00006153      0xad7 ./Generated_Code/queue.o
 .debug_line    0x00006c2a      0xd7b ./Generated_Code/tasks.o

.debug_str      0x00000000    0x7f291
 .debug_str     0x00000000    0x7b173 ./Sources/Events.o
                              0x7b3d3 (size before relaxing)
 .debug_str     0x0007b173      0x103 ./Sources/main.o
                              0x7b3d8 (size before relaxing)
 .debug_str     0x0007b276      0x1a6 ./Project_Settings/Startup_Code/startup.o
                              0x652b6 (size before relaxing)
 .debug_str     0x0007b41c      0x182 ./Generated_Code/BitIoLdd1.o
                              0x6fd4d (size before relaxing)
 .debug_str     0x0007b59e       0xa0 ./Generated_Code/BitIoLdd2.o
                              0x6fd4d (size before relaxing)
 .debug_str     0x0007b63e       0xa0 ./Generated_Code/BitIoLdd3.o
                              0x6fd4d (size before relaxing)
 .debug_str     0x0007b6de       0xa0 ./Generated_Code/BitIoLdd4.o
                              0x6fd4d (size before relaxing)
 .debug_str     0x0007b77e      0x38a ./Generated_Code/Cpu.o
                              0x7b6a1 (size before relaxing)
 .debug_str     0x0007bb08      0x109 ./Generated_Code/FRTOS1.o
                              0x75e63 (size before relaxing)
 .debug_str     0x0007bc11       0x32 ./Generated_Code/MCUC1.o
                              0x6adf7 (size before relaxing)
 .debug_str     0x0007bc43      0x17e ./Generated_Code/PE_LDD.o
                              0x7b45d (size before relaxing)
 .debug_str     0x0007bdc1      0x873 ./Generated_Code/UTIL1.o
                              0x6dc9d (size before relaxing)
 .debug_str     0x0007c634       0x1c ./Generated_Code/Vectors.o
                              0x7b2fb (size before relaxing)
 .debug_str     0x0007c650       0xcf ./Generated_Code/button.o
                              0x73358 (size before relaxing)
 .debug_str     0x0007c71f       0x41 ./Generated_Code/d10.o
                              0x6bf98 (size before relaxing)
 .debug_str     0x0007c760       0x3b ./Generated_Code/d11.o
                              0x6bf98 (size before relaxing)
 .debug_str     0x0007c79b       0x3b ./Generated_Code/d12.o
                              0x6bf98 (size before relaxing)
 .debug_str     0x0007c7d6       0x37 ./Generated_Code/d9.o
                              0x6bf84 (size before relaxing)
 .debug_str     0x0007c80d      0x28b ./Generated_Code/heap_4.o
                              0x710f7 (size before relaxing)
 .debug_str     0x0007ca98      0x137 ./Generated_Code/list.o
                              0x70905 (size before relaxing)
 .debug_str     0x0007cbcf      0xb8f ./Generated_Code/port.o
                              0x7074a (size before relaxing)
 .debug_str     0x0007d75e      0x7f5 ./Generated_Code/queue.o
                              0x72e1d (size before relaxing)
 .debug_str     0x0007df53     0x133e ./Generated_Code/tasks.o
                              0x73ab5 (size before relaxing)

.comment        0x00000000       0x70
 .comment       0x00000000       0x70 ./Sources/Events.o
                                 0x71 (size before relaxing)
 .comment       0x00000000       0x71 ./Sources/main.o
 .comment       0x00000000       0x71 ./Project_Settings/Startup_Code/startup.o
 .comment       0x00000000       0x71 ./Generated_Code/BitIoLdd1.o
 .comment       0x00000000       0x71 ./Generated_Code/BitIoLdd2.o
 .comment       0x00000000       0x71 ./Generated_Code/BitIoLdd3.o
 .comment       0x00000000       0x71 ./Generated_Code/BitIoLdd4.o
 .comment       0x00000000       0x71 ./Generated_Code/Cpu.o
 .comment       0x00000000       0x71 ./Generated_Code/FRTOS1.o
 .comment       0x00000000       0x71 ./Generated_Code/MCUC1.o
 .comment       0x00000000       0x71 ./Generated_Code/PE_LDD.o
 .comment       0x00000000       0x71 ./Generated_Code/UTIL1.o
 .comment       0x00000000       0x71 ./Generated_Code/Vectors.o
 .comment       0x00000000       0x71 ./Generated_Code/button.o
 .comment       0x00000000       0x71 ./Generated_Code/d10.o
 .comment       0x00000000       0x71 ./Generated_Code/d11.o
 .comment       0x00000000       0x71 ./Generated_Code/d12.o
 .comment       0x00000000       0x71 ./Generated_Code/d9.o
 .comment       0x00000000       0x71 ./Generated_Code/heap_4.o
 .comment       0x00000000       0x71 ./Generated_Code/list.o
 .comment       0x00000000       0x71 ./Generated_Code/port.o
 .comment       0x00000000       0x71 ./Generated_Code/queue.o
 .comment       0x00000000       0x71 ./Generated_Code/tasks.o

.debug_frame    0x00000000     0x1f78
 .debug_frame   0x00000000       0xc4 ./Sources/Events.o
 .debug_frame   0x000000c4       0x70 ./Sources/main.o
 .debug_frame   0x00000134       0xc0 ./Project_Settings/Startup_Code/startup.o
 .debug_frame   0x000001f4       0x9c ./Generated_Code/BitIoLdd1.o
 .debug_frame   0x00000290       0x9c ./Generated_Code/BitIoLdd2.o
 .debug_frame   0x0000032c       0x9c ./Generated_Code/BitIoLdd3.o
 .debug_frame   0x000003c8       0x9c ./Generated_Code/BitIoLdd4.o
 .debug_frame   0x00000464       0xa4 ./Generated_Code/Cpu.o
 .debug_frame   0x00000508       0x5c ./Generated_Code/FRTOS1.o
 .debug_frame   0x00000564       0x40 ./Generated_Code/MCUC1.o
 .debug_frame   0x000005a4       0x64 ./Generated_Code/PE_LDD.o
 .debug_frame   0x00000608      0x888 ./Generated_Code/UTIL1.o
 .debug_frame   0x00000e90       0xb8 ./Generated_Code/button.o
 .debug_frame   0x00000f48       0x64 ./Generated_Code/d10.o
 .debug_frame   0x00000fac       0x64 ./Generated_Code/d11.o
 .debug_frame   0x00001010       0x64 ./Generated_Code/d12.o
 .debug_frame   0x00001074       0x64 ./Generated_Code/d9.o
 .debug_frame   0x000010d8       0xe8 ./Generated_Code/heap_4.o
 .debug_frame   0x000011c0       0x9c ./Generated_Code/list.o
 .debug_frame   0x0000125c      0x1a0 ./Generated_Code/port.o
 .debug_frame   0x000013fc      0x42c ./Generated_Code/queue.o
 .debug_frame   0x00001828      0x694 ./Generated_Code/tasks.o
 .debug_frame   0x00001ebc       0x28 c:/freescale/kds_3.0.0/toolchain/bin/../lib/gcc/arm-none-eabi/4.8.4/../../../../arm-none-eabi/lib/armv7e-m\libg_s.a(lib_a-exit.o)
 .debug_frame   0x00001ee4       0x2c c:/freescale/kds_3.0.0/toolchain/bin/../lib/gcc/arm-none-eabi/4.8.4/../../../../arm-none-eabi/lib/armv7e-m\libg_s.a(lib_a-init.o)
 .debug_frame   0x00001f10       0x28 c:/freescale/kds_3.0.0/toolchain/bin/../lib/gcc/arm-none-eabi/4.8.4/../../../../arm-none-eabi/lib/armv7e-m\libg_s.a(lib_a-memcpy-stub.o)
 .debug_frame   0x00001f38       0x20 c:/freescale/kds_3.0.0/toolchain/bin/../lib/gcc/arm-none-eabi/4.8.4/../../../../arm-none-eabi/lib/armv7e-m\libg_s.a(lib_a-memset.o)
 .debug_frame   0x00001f58       0x20 c:/freescale/kds_3.0.0/toolchain/bin/../lib/gcc/arm-none-eabi/4.8.4/../../../../arm-none-eabi/lib/armv7e-m\libnosys.a(_exit.o)
